2026-07-24 10:43:22.705 [main] INFO  c.l.i.d.i.g.b.IdleStoreDistributedIdGeneratorApplication - The following 1 profile is active: "dev"
2026-07-24 10:43:22.712 [main] INFO  c.a.cloud.nacos.configdata.NacosConfigDataLoader - [Nacos Config] Load config[dataId=id-generator.yaml, group=DEFAULT_GROUP] success
2026-07-24 10:43:23.118 [main] INFO  o.springframework.cloud.context.scope.GenericScope - BeanFactory id=27f01e4b-4a3c-35b9-bab6-3e4d3494e3cc
2026-07-24 10:43:23.299 [main] INFO  o.s.boot.web.embedded.tomcat.TomcatWebServer - Tomcat initialized with port 8084 (http)
2026-07-24 10:43:23.314 [main] INFO  org.apache.catalina.core.StandardService - Starting service [Tomcat]
2026-07-24 10:43:23.314 [main] INFO  org.apache.catalina.core.StandardEngine - Starting Servlet engine: [Apache Tomcat/10.1.55]
2026-07-24 10:43:23.357 [main] INFO  o.a.c.core.ContainerBase.[Tomcat].[localhost].[/] - Initializing Spring embedded WebApplicationContext
2026-07-24 10:43:23.357 [main] INFO  o.s.b.w.s.c.ServletWebServerApplicationContext - Root WebApplicationContext: initialization completed in 645 ms
2026-07-24 10:43:23.466 [main] INFO  com.alibaba.druid.pool.DruidDataSource - {dataSource-1} inited
2026-07-24 10:43:23.518 [main] INFO  c.l.i.d.i.g.biz.core.segment.SegmentIdGenerator - Init ...
2026-07-24 10:43:23.518 [main] INFO  c.l.i.d.i.g.biz.core.segment.SegmentIdGenerator - update cache from db
2026-07-24 10:43:23.679 [main] INFO  c.l.i.d.i.g.biz.core.segment.SegmentIdGenerator - Add tag leaf-segment-test from db to IdCache, SegmentBuffer SegmentBuffer{key='leaf-segment-test', segments=[Segment(value:0,max:0,step:0), Segment(value:0,max:0,step:0)], currentPos=0, nextReady=false, initOk=false, threadRunning=false, step=0, minStep=0, updateTimestamp=0}
2026-07-24 10:43:23.679 [main] INFO  org.perf4j.TimingLogger - start[1784861003519] time[159] tag[updateCacheFromDb]
2026-07-24 10:43:23.680 [main] INFO  c.l.i.d.id.generator.biz.service.SegmentService - Segment Service Init Successfully
2026-07-24 10:43:23.686 [main] INFO  c.l.i.d.i.g.b.core.snowflake.SnowflakeIdGenerator - twepoch:1288834974657 ,ip:198.18.0.1 ,zkAddress:127.0.0.1:2181 port:2222
2026-07-24 10:43:23.746 [main] WARN  org.apache.curator.CuratorZookeeperClient - session timeout [6000] is less than connection timeout [10000]
2026-07-24 10:43:23.764 [main] INFO  o.a.curator.framework.imps.CuratorFrameworkImpl - Starting
2026-07-24 10:43:23.776 [main] INFO  org.apache.zookeeper.ZooKeeper - Client environment:zookeeper.version=3.6.0--b4c89dc7f6083829e18fae6e446907ae0b1f22d7, built on 02/25/2020 14:38 GMT
2026-07-24 10:43:23.776 [main] INFO  org.apache.zookeeper.ZooKeeper - Client environment:host.name=localhost
2026-07-24 10:43:23.776 [main] INFO  org.apache.zookeeper.ZooKeeper - Client environment:java.version=17.0.15
2026-07-24 10:43:23.776 [main] INFO  org.apache.zookeeper.ZooKeeper - Client environment:java.vendor=Oracle Corporation
2026-07-24 10:43:23.776 [main] INFO  org.apache.zookeeper.ZooKeeper - Client environment:java.home=/Library/Java/JavaVirtualMachines/jdk-17.jdk/Contents/Home
2026-07-24 10:43:23.776 [main] INFO  org.apache.zookeeper.ZooKeeper - Client environment:java.class.path=/Users/ice/Desktop/cola/code/Java/graduation_project/idle-store/idle-store-distributed-id-generator/idle-store-distributed-id-generator-biz/target/classes:/Users/ice/Desktop/cola/code/Java/graduation_project/idle-store/idle-store-framework/lh-spring-boot-starter-logging/target/classes:/Users/ice/Desktop/cola/environment/maven-repository/org/springframework/boot/spring-boot-starter-logging/3.5.16/spring-boot-starter-logging-3.5.16.jar:/Users/ice/Desktop/cola/environment/maven-repository/ch/qos/logback/logback-classic/1.5.34/logback-classic-1.5.34.jar:/Users/ice/Desktop/cola/environment/maven-repository/ch/qos/logback/logback-core/1.5.34/logback-core-1.5.34.jar:/Users/ice/Desktop/cola/environment/maven-repository/org/apache/logging/log4j/log4j-to-slf4j/2.24.3/log4j-to-slf4j-2.24.3.jar:/Users/ice/Desktop/cola/environment/maven-repository/org/apache/logging/log4j/log4j-api/2.24.3/log4j-api-2.24.3.jar:/Users/ice/Desktop/cola/environment/maven-repository/org/slf4j/jul-to-slf4j/2.0.18/jul-to-slf4j-2.0.18.jar:/Users/ice/Desktop/cola/environment/maven-repository/net/logstash/logback/logstash-logback-encoder/8.0/logstash-logback-encoder-8.0.jar:/Users/ice/Desktop/cola/code/Java/graduation_project/idle-store/idle-store-distributed-id-generator/idle-store-distributed-id-generator-api/target/classes:/Users/ice/Desktop/cola/environment/maven-repository/org/springframework/cloud/spring-cloud-starter-openfeign/4.3.0/spring-cloud-starter-openfeign-4.3.0.jar:/Users/ice/Desktop/cola/environment/maven-repository/org/springframework/cloud/spring-cloud-openfeign-core/4.3.0/spring-cloud-openfeign-core-4.3.0.jar:/Users/ice/Desktop/cola/environment/maven-repository/io/github/openfeign/feign-form-spring/13.6/feign-form-spring-13.6.jar:/Users/ice/Desktop/cola/environment/maven-repository/org/apache/commons/commons-text/1.13.0/commons-text-1.13.0.jar:/Users/ice/Desktop/cola/environment/maven-repository/io/github/openfeign/feign-form/13.6/feign-form-13.6.jar:/Users/ice/Desktop/cola/environment/maven-repository/commons-fileupload/commons-fileupload/1.5/commons-fileupload-1.5.jar:/Users/ice/Desktop/cola/environment/maven-repository/io/github/openfeign/feign-core/13.6/feign-core-13.6.jar:/Users/ice/Desktop/cola/environment/maven-repository/io/github/openfeign/feign-slf4j/13.6/feign-slf4j-13.6.jar:/Users/ice/Desktop/cola/environment/maven-repository/org/springframework/cloud/spring-cloud-starter-loadbalancer/4.3.0/spring-cloud-starter-loadbalancer-4.3.0.jar:/Users/ice/Desktop/cola/environment/maven-repository/org/springframework/cloud/spring-cloud-loadbalancer/4.3.0/spring-cloud-loadbalancer-4.3.0.jar:/Users/ice/Desktop/cola/environment/maven-repository/io/projectreactor/reactor-core/3.7.19/reactor-core-3.7.19.jar:/Users/ice/Desktop/cola/environment/maven-repository/org/reactivestreams/reactive-streams/1.0.4/reactive-streams-1.0.4.jar:/Users/ice/Desktop/cola/environment/maven-repository/io/projectreactor/addons/reactor-extra/3.5.5/reactor-extra-3.5.5.jar:/Users/ice/Desktop/cola/environment/maven-repository/org/springframework/boot/spring-boot-starter-cache/3.5.16/spring-boot-starter-cache-3.5.16.jar:/Users/ice/Desktop/cola/environment/maven-repository/org/springframework/spring-context-support/6.2.19/spring-context-support-6.2.19.jar:/Users/ice/Desktop/cola/environment/maven-repository/com/stoyanr/evictor/1.0.0/evictor-1.0.0.jar:/Users/ice/Desktop/cola/code/Java/graduation_project/idle-store/idle-store-framework/idle-store-common/target/classes:/Users/ice/Desktop/cola/environment/maven-repository/org/projectlombok/lombok/1.18.30/lombok-1.18.30.jar:/Users/ice/Desktop/cola/environment/maven-repository/com/fasterxml/jackson/core/jackson-core/2.21.4/jackson-core-2.21.4.jar:/Users/ice/Desktop/cola/environment/maven-repository/com/fasterxml/jackson/core/jackson-databind/2.21.4/jackson-databind-2.21.4.jar:/Users/ice/Desktop/cola/environment/maven-repository/com/fasterxml/jackson/core/jackson-annotations/2.21/jackson-annotations-2.21.jar:/Users/ice/Desktop/cola/environment/maven-repository/com/fasterxml/jackson/datatype/jackson-datatype-jsr310/2.21.4/jackson-datatype-jsr310-2.21.4.jar:/Users/ice/Desktop/cola/environment/maven-repository/jakarta/validation/jakarta.validation-api/3.0.2/jakarta.validation-api-3.0.2.jar:/Users/ice/Desktop/cola/environment/maven-repository/com/google/guava/guava/33.6.0-jre/guava-33.6.0-jre.jar:/Users/ice/Desktop/cola/environment/maven-repository/com/google/guava/failureaccess/1.0.3/failureaccess-1.0.3.jar:/Users/ice/Desktop/cola/environment/maven-repository/com/google/guava/listenablefuture/9999.0-empty-to-avoid-conflict-with-guava/listenablefuture-9999.0-empty-to-avoid-conflict-with-guava.jar:/Users/ice/Desktop/cola/environment/maven-repository/org/jspecify/jspecify/1.0.0/jspecify-1.0.0.jar:/Users/ice/Desktop/cola/environment/maven-repository/com/google/errorprone/error_prone_annotations/2.47.0/error_prone_annotations-2.47.0.jar:/Users/ice/Desktop/cola/environment/maven-repository/com/google/j2objc/j2objc-annotations/3.1/j2objc-annotations-3.1.jar:/Users/ice/Desktop/cola/environment/maven-repository/cn/hutool/hutool-all/5.8.46/hutool-all-5.8.46.jar:/Users/ice/Desktop/cola/environment/maven-repository/org/apache/commons/commons-lang3/3.20.0/commons-lang3-3.20.0.jar:/Users/ice/Desktop/cola/environment/maven-repository/org/springframework/boot/spring-boot/3.5.16/spring-boot-3.5.16.jar:/Users/ice/Desktop/cola/environment/maven-repository/org/springframework/spring-context/6.2.19/spring-context-6.2.19.jar:/Users/ice/Desktop/cola/environment/maven-repository/org/springframework/boot/spring-boot-autoconfigure/3.5.16/spring-boot-autoconfigure-3.5.16.jar:/Users/ice/Desktop/cola/environment/maven-repository/org/springframework/boot/spring-boot-starter-web/3.5.16/spring-boot-starter-web-3.5.16.jar:/Users/ice/Desktop/cola/environment/maven-repository/org/springframework/boot/spring-boot-starter/3.5.16/spring-boot-starter-3.5.16.jar:/Users/ice/Desktop/cola/environment/maven-repository/org/yaml/snakeyaml/2.4/snakeyaml-2.4.jar:/Users/ice/Desktop/cola/environment/maven-repository/org/springframework/boot/spring-boot-starter-json/3.5.16/spring-boot-starter-json-3.5.16.jar:/Users/ice/Desktop/cola/environment/maven-repository/com/fasterxml/jackson/datatype/jackson-datatype-jdk8/2.21.4/jackson-datatype-jdk8-2.21.4.jar:/Users/ice/Desktop/cola/environment/maven-repository/com/fasterxml/jackson/module/jackson-module-parameter-names/2.21.4/jackson-module-parameter-names-2.21.4.jar:/Users/ice/Desktop/cola/environment/maven-repository/org/springframework/boot/spring-boot-starter-tomcat/3.5.16/spring-boot-starter-tomcat-3.5.16.jar:/Users/ice/Desktop/cola/environment/maven-repository/org/apache/tomcat/embed/tomcat-embed-core/10.1.55/tomcat-embed-core-10.1.55.jar:/Users/ice/Desktop/cola/environment/maven-repository/org/apache/tomcat/embed/tomcat-embed-el/10.1.55/tomcat-embed-el-10.1.55.jar:/Users/ice/Desktop/cola/environment/maven-repository/org/apache/tomcat/embed/tomcat-embed-websocket/10.1.55/tomcat-embed-websocket-10.1.55.jar:/Users/ice/Desktop/cola/environment/maven-repository/org/springframework/spring-web/6.2.19/spring-web-6.2.19.jar:/Users/ice/Desktop/cola/environment/maven-repository/org/springframework/spring-beans/6.2.19/spring-beans-6.2.19.jar:/Users/ice/Desktop/cola/environment/maven-repository/io/micrometer/micrometer-observation/1.15.12/micrometer-observation-1.15.12.jar:/Users/ice/Desktop/cola/environment/maven-repository/io/micrometer/micrometer-commons/1.15.12/micrometer-commons-1.15.12.jar:/Users/ice/Desktop/cola/environment/maven-repository/org/springframework/spring-webmvc/6.2.19/spring-webmvc-6.2.19.jar:/Users/ice/Desktop/cola/environment/maven-repository/org/springframework/spring-aop/6.2.19/spring-aop-6.2.19.jar:/Users/ice/Desktop/cola/environment/maven-repository/org/springframework/spring-expression/6.2.19/spring-expression-6.2.19.jar:/Users/ice/Desktop/cola/environment/maven-repository/jakarta/xml/bind/jakarta.xml.bind-api/4.0.5/jakarta.xml.bind-api-4.0.5.jar:/Users/ice/Desktop/cola/environment/maven-repository/jakarta/activation/jakarta.activation-api/2.1.4/jakarta.activation-api-2.1.4.jar:/Users/ice/Desktop/cola/environment/maven-repository/org/springframework/spring-core/6.2.19/spring-core-6.2.19.jar:/Users/ice/Desktop/cola/environment/maven-repository/org/springframework/spring-jcl/6.2.19/spring-jcl-6.2.19.jar:/Users/ice/Desktop/cola/environment/maven-repository/org/springframework/cloud/spring-cloud-starter-bootstrap/4.3.0/spring-cloud-starter-bootstrap-4.3.0.jar:/Users/ice/Desktop/cola/environment/maven-repository/org/springframework/cloud/spring-cloud-starter/4.3.0/spring-cloud-starter-4.3.0.jar:/Users/ice/Desktop/cola/environment/maven-repository/org/bouncycastle/bcprov-jdk18on/1.80/bcprov-jdk18on-1.80.jar:/Users/ice/Desktop/cola/environment/maven-repository/com/alibaba/cloud/spring-cloud-starter-alibaba-nacos-discovery/2025.0.0.0/spring-cloud-starter-alibaba-nacos-discovery-2025.0.0.0.jar:/Users/ice/Desktop/cola/environment/maven-repository/com/alibaba/cloud/spring-cloud-alibaba-commons/2025.0.0.0/spring-cloud-alibaba-commons-2025.0.0.0.jar:/Users/ice/Desktop/cola/environment/maven-repository/com/alibaba/nacos/nacos-client/3.0.3/nacos-client-3.0.3.jar:/Users/ice/Desktop/cola/environment/maven-repository/com/alibaba/nacos/nacos-client-basic/3.0.3/nacos-client-basic-3.0.3.jar:/Users/ice/Desktop/cola/environment/maven-repository/com/alibaba/nacos/nacos-auth-plugin/3.0.3/nacos-auth-plugin-3.0.3.jar:/Users/ice/Desktop/cola/environment/maven-repository/com/alibaba/nacos/nacos-encryption-plugin/3.0.3/nacos-encryption-plugin-3.0.3.jar:/Users/ice/Desktop/cola/environment/maven-repository/com/alibaba/nacos/logback-adapter/1.1.4/logback-adapter-1.1.4.jar:/Users/ice/Desktop/cola/environment/maven-repository/com/alibaba/nacos/nacos-log4j2-adapter/3.0.3/nacos-log4j2-adapter-3.0.3.jar:/Users/ice/Desktop/cola/environment/maven-repository/org/apache/httpcomponents/client5/httpclient5/5.5.2/httpclient5-5.5.2.jar:/Users/ice/Desktop/cola/environment/maven-repository/org/apache/httpcomponents/core5/httpcore5-h2/5.3.6/httpcore5-h2-5.3.6.jar:/Users/ice/Desktop/cola/environment/maven-repository/org/apache/httpcomponents/core5/httpcore5/5.3.6/httpcore5-5.3.6.jar:/Users/ice/Desktop/cola/environment/maven-repository/io/prometheus/simpleclient/0.16.0/simpleclient-0.16.0.jar:/Users/ice/Desktop/cola/environment/maven-repository/io/prometheus/simpleclient_tracer_otel/0.16.0/simpleclient_tracer_otel-0.16.0.jar:/Users/ice/Desktop/cola/environment/maven-repository/io/prometheus/simpleclient_tracer_common/0.16.0/simpleclient_tracer_common-0.16.0.jar:/Users/ice/Desktop/cola/environment/maven-repository/io/prometheus/simpleclient_tracer_otel_agent/0.16.0/simpleclient_tracer_otel_agent-0.16.0.jar:/Users/ice/Desktop/cola/environment/maven-repository/io/micrometer/micrometer-core/1.15.12/micrometer-core-1.15.12.jar:/Users/ice/Desktop/cola/environment/maven-repository/org/hdrhistogram/HdrHistogram/2.2.2/HdrHistogram-2.2.2.jar:/Users/ice/Desktop/cola/environment/maven-repository/org/latencyutils/LatencyUtils/2.0.3/LatencyUtils-2.0.3.jar:/Users/ice/Desktop/cola/environment/maven-repository/org/springframework/cloud/spring-cloud-commons/4.3.0/spring-cloud-commons-4.3.0.jar:/Users/ice/Desktop/cola/environment/maven-repository/org/springframework/security/spring-security-crypto/6.5.11/spring-security-crypto-6.5.11.jar:/Users/ice/Desktop/cola/environment/maven-repository/org/springframework/cloud/spring-cloud-context/4.3.0/spring-cloud-context-4.3.0.jar:/Users/ice/Desktop/cola/environment/maven-repository/com/alibaba/cloud/spring-cloud-starter-alibaba-nacos-config/2025.0.0.0/spring-cloud-starter-alibaba-nacos-config-2025.0.0.0.jar:/Users/ice/Desktop/cola/environment/maven-repository/com/alibaba/cloud/spring-alibaba-nacos-config/2025.0.0.0/spring-alibaba-nacos-config-2025.0.0.0.jar:/Users/ice/Desktop/cola/environment/maven-repository/com/alibaba/druid-spring-boot-starter/1.2.27/druid-spring-boot-starter-1.2.27.jar:/Users/ice/Desktop/cola/environment/maven-repository/org/glassfish/jaxb/jaxb-runtime/2.3.3/jaxb-runtime-2.3.3.jar:/Users/ice/Desktop/cola/environment/maven-repository/org/glassfish/jaxb/txw2/4.0.9/txw2-4.0.9.jar:/Users/ice/Desktop/cola/environment/maven-repository/com/sun/istack/istack-commons-runtime/4.1.2/istack-commons-runtime-4.1.2.jar:/Users/ice/Desktop/cola/environment/maven-repository/com/sun/activation/jakarta.activation/1.2.2/jakarta.activation-1.2.2.jar:/Users/ice/Desktop/cola/environment/maven-repository/org/slf4j/slf4j-api/2.0.18/slf4j-api-2.0.18.jar:/Users/ice/Desktop/cola/environment/maven-repository/jakarta/annotation/jakarta.annotation-api/2.1.1/jakarta.annotation-api-2.1.1.jar:/Users/ice/Desktop/cola/environment/maven-repository/commons-io/commons-io/2.4/commons-io-2.4.jar:/Users/ice/Desktop/cola/environment/maven-repository/org/perf4j/perf4j/0.9.16/perf4j-0.9.16.jar:/Users/ice/Desktop/cola/environment/maven-repository/com/mysql/mysql-connector-j/9.7.0/mysql-connector-j-9.7.0.jar:/Users/ice/Desktop/cola/environment/maven-repository/com/google/protobuf/protobuf-java/4.31.1/protobuf-java-4.31.1.jar:/Users/ice/Desktop/cola/environment/maven-repository/com/alibaba/druid/1.0.18/druid-1.0.18.jar:/Users/ice/Desktop/cola/environment/maven-repository/org/mybatis/mybatis/3.3.0/mybatis-3.3.0.jar:/Users/ice/Desktop/cola/environment/maven-repository/org/apache/curator/curator-recipes/2.6.0/curator-recipes-2.6.0.jar:/Users/ice/Desktop/cola/environment/maven-repository/org/apache/curator/curator-framework/5.8.0/curator-framework-5.8.0.jar:/Users/ice/Desktop/cola/environment/maven-repository/org/apache/curator/curator-client/5.8.0/curator-client-5.8.0.jar:/Users/ice/Desktop/cola/environment/maven-repository/org/apache/zookeeper/zookeeper/3.6.0/zookeeper-3.6.0.jar:/Users/ice/Desktop/cola/environment/maven-repository/commons-lang/commons-lang/2.6/commons-lang-2.6.jar:/Users/ice/Desktop/cola/environment/maven-repository/org/apache/zookeeper/zookeeper-jute/3.6.0/zookeeper-jute-3.6.0.jar:/Users/ice/Desktop/cola/environment/maven-repository/org/apache/yetus/audience-annotations/0.5.0/audience-annotations-0.5.0.jar:/Users/ice/Desktop/cola/environment/maven-repository/io/netty/netty-handler/4.1.135.Final/netty-handler-4.1.135.Final.jar:/Users/ice/Desktop/cola/environment/maven-repository/io/netty/netty-common/4.1.135.Final/netty-common-4.1.135.Final.jar:/Users/ice/Desktop/cola/environment/maven-repository/io/netty/netty-resolver/4.1.135.Final/netty-resolver-4.1.135.Final.jar:/Users/ice/Desktop/cola/environment/maven-repository/io/netty/netty-buffer/4.1.135.Final/netty-buffer-4.1.135.Final.jar:/Users/ice/Desktop/cola/environment/maven-repository/io/netty/netty-transport/4.1.135.Final/netty-transport-4.1.135.Final.jar:/Users/ice/Desktop/cola/environment/maven-repository/io/netty/netty-transport-native-unix-common/4.1.135.Final/netty-transport-native-unix-common-4.1.135.Final.jar:/Users/ice/Desktop/cola/environment/maven-repository/io/netty/netty-codec/4.1.135.Final/netty-codec-4.1.135.Final.jar:/Users/ice/Desktop/cola/environment/maven-repository/io/netty/netty-transport-native-epoll/4.1.135.Final/netty-transport-native-epoll-4.1.135.Final.jar:/Users/ice/Desktop/cola/environment/maven-repository/io/netty/netty-transport-classes-epoll/4.1.135.Final/netty-transport-classes-epoll-4.1.135.Final.jar
2026-07-24 10:43:23.776 [main] INFO  org.apache.zookeeper.ZooKeeper - Client environment:java.library.path=/Users/ice/Library/Java/Extensions:/Library/Java/Extensions:/Network/Library/Java/Extensions:/System/Library/Java/Extensions:/usr/lib/java:.
2026-07-24 10:43:23.776 [main] INFO  org.apache.zookeeper.ZooKeeper - Client environment:java.io.tmpdir=/var/folders/s6/p44rfz5n3cn7tf17c4ylypmr0000gn/T/
2026-07-24 10:43:23.776 [main] INFO  org.apache.zookeeper.ZooKeeper - Client environment:java.compiler=<NA>
2026-07-24 10:43:23.776 [main] INFO  org.apache.zookeeper.ZooKeeper - Client environment:os.name=Mac OS X
2026-07-24 10:43:23.776 [main] INFO  org.apache.zookeeper.ZooKeeper - Client environment:os.arch=aarch64
2026-07-24 10:43:23.777 [main] INFO  org.apache.zookeeper.ZooKeeper - Client environment:os.version=15.7.4
2026-07-24 10:43:23.777 [main] INFO  org.apache.zookeeper.ZooKeeper - Client environment:user.name=ice
2026-07-24 10:43:23.777 [main] INFO  org.apache.zookeeper.ZooKeeper - Client environment:user.home=/Users/ice
2026-07-24 10:43:23.777 [main] INFO  org.apache.zookeeper.ZooKeeper - Client environment:user.dir=/Users/ice/Desktop/cola/code/Java/graduation_project/idle-store
2026-07-24 10:43:23.777 [main] INFO  org.apache.zookeeper.ZooKeeper - Client environment:os.memory.free=253MB
2026-07-24 10:43:23.777 [main] INFO  org.apache.zookeeper.ZooKeeper - Client environment:os.memory.max=8192MB
2026-07-24 10:43:23.777 [main] INFO  org.apache.zookeeper.ZooKeeper - Client environment:os.memory.total=316MB
2026-07-24 10:43:23.779 [main] INFO  org.apache.zookeeper.ZooKeeper - Initiating client connection, connectString=127.0.0.1:2181 sessionTimeout=6000 watcher=org.apache.curator.ConnectionState@65259c53
2026-07-24 10:43:23.782 [main] INFO  org.apache.zookeeper.common.X509Util - Setting -D jdk.tls.rejectClientInitiatedRenegotiation=true to disable client-initiated TLS renegotiation
2026-07-24 10:43:23.786 [main] INFO  org.apache.zookeeper.ClientCnxnSocket - jute.maxbuffer value is 1048575 Bytes
2026-07-24 10:43:23.790 [main] INFO  org.apache.zookeeper.ClientCnxn - zookeeper.request.timeout value is 0. feature enabled=false
2026-07-24 10:43:23.796 [main-SendThread(127.0.0.1:2181)] INFO  org.apache.zookeeper.ClientCnxn - Opening socket connection to server localhost/127.0.0.1:2181.
2026-07-24 10:43:23.796 [main-SendThread(127.0.0.1:2181)] INFO  org.apache.zookeeper.ClientCnxn - SASL config status: Will not attempt to authenticate using SASL (unknown error)
2026-07-24 10:43:23.797 [main-SendThread(127.0.0.1:2181)] INFO  org.apache.zookeeper.ClientCnxn - Socket connection established, initiating session, client: /127.0.0.1:64000, server: localhost/127.0.0.1:2181
2026-07-24 10:43:23.799 [main] INFO  o.a.curator.framework.imps.CuratorFrameworkImpl - Default schema
2026-07-24 10:43:23.815 [main-SendThread(127.0.0.1:2181)] INFO  org.apache.zookeeper.ClientCnxn - Session establishment complete on server localhost/127.0.0.1:2181, session id = 0x10000b7a37d0002, negotiated timeout = 6000
2026-07-24 10:43:23.822 [main-EventThread] INFO  o.a.curator.framework.state.ConnectionStateManager - State change: CONNECTED
2026-07-24 10:43:23.828 [main-EventThread] INFO  org.apache.curator.framework.imps.EnsembleTracker - New config event received: {}
2026-07-24 10:43:23.829 [main-EventThread] INFO  org.apache.curator.framework.imps.EnsembleTracker - New config event received: {}
2026-07-24 10:43:23.846 [main] INFO  c.l.i.d.i.g.b.c.snowflake.SnowflakeZookeeperHolder - file exists status is true
2026-07-24 10:43:23.855 [main] INFO  c.l.i.d.i.g.b.c.snowflake.SnowflakeZookeeperHolder - update file cache workerID is 0
2026-07-24 10:43:23.855 [main] INFO  c.l.i.d.i.g.b.c.snowflake.SnowflakeZookeeperHolder - [Old NODE]find forever node have this endpoint ip-198.18.0.1 port-2222 workid-0 childnode and start SUCCESS
2026-07-24 10:43:23.855 [main] INFO  c.l.i.d.i.g.b.core.snowflake.SnowflakeIdGenerator - START SUCCESS USE ZK WORKERID-0
2026-07-24 10:43:23.855 [main] INFO  c.l.i.d.id.generator.biz.service.SnowflakeService - Snowflake Service Init Successfully
2026-07-24 10:43:23.936 [main] INFO  o.s.v.beanvalidation.OptionalValidatorFactoryBean - Failed to set up a Bean Validation provider: jakarta.validation.NoProviderFoundException: Unable to create a Configuration, because no Jakarta Bean Validation provider could be found. Add a provider like Hibernate Validator (RI) to your classpath.
2026-07-24 10:43:24.464 [main] WARN  o.s.c.l.c.LoadBalancerCacheAutoConfiguration$LoadBalancerCaffeineWarnLogger - Spring Cloud LoadBalancer is currently working with the default cache. While this cache implementation is useful for development and tests, it's recommended to use Caffeine cache in production.You can switch to using Caffeine cache, by adding it and org.springframework.cache.caffeine.CaffeineCacheManager to the classpath.
2026-07-24 10:43:24.561 [main] INFO  o.s.boot.web.embedded.tomcat.TomcatWebServer - Tomcat started on port 8084 (http) with context path '/'
2026-07-24 10:43:24.570 [main] INFO  com.alibaba.nacos.client.naming - Nacos client key init properties: 
	serverAddr=127.0.0.1:8848
	namespace=idlestore-dev

2026-07-24 10:43:24.574 [main] INFO  com.alibaba.nacos.client.naming - initializer namespace from ans.namespace attribute : null
2026-07-24 10:43:24.574 [main] INFO  com.alibaba.nacos.client.naming - initializer namespace from ALIBABA_ALIWARE_NAMESPACE attribute :null
2026-07-24 10:43:24.574 [main] INFO  com.alibaba.nacos.client.naming - initializer namespace from namespace attribute :null
2026-07-24 10:43:24.581 [main] INFO  com.alibaba.nacos.client.naming - FailoverDataSource type is class com.alibaba.nacos.client.naming.backups.datasource.DiskFailoverDataSource
2026-07-24 10:43:24.591 [main] INFO  c.a.nacos.client.address.AbstractServerListManager - Load and match ServerListProvider com.alibaba.nacos.client.address.EndpointServerListProvider, match result: false
2026-07-24 10:43:24.591 [main] INFO  c.a.nacos.client.address.AbstractServerListManager - Load and match ServerListProvider com.alibaba.nacos.client.address.PropertiesListProvider, match result: true
2026-07-24 10:43:24.593 [main] INFO  c.a.nacos.client.address.AbstractServerListManager - Will use com.alibaba.nacos.client.address.PropertiesListProvider as ServerListProvider
2026-07-24 10:43:24.595 [main] INFO  c.a.n.p.auth.spi.client.ClientAuthPluginManager - [ClientAuthPluginManager] Load ClientAuthService com.alibaba.nacos.client.auth.impl.NacosClientAuthServiceImpl success.
2026-07-24 10:43:24.595 [main] INFO  c.a.n.p.auth.spi.client.ClientAuthPluginManager - [ClientAuthPluginManager] Load ClientAuthService com.alibaba.nacos.client.auth.ram.RamClientAuthServiceImpl success.
2026-07-24 10:43:24.598 [main] INFO  com.alibaba.nacos.common.remote.client - [RpcClientFactory] create a new rpc client of 3a843b47-6b7a-4af1-ae28-eb8c84a22b58
2026-07-24 10:43:24.602 [main] INFO  com.alibaba.nacos.client.naming - Create naming rpc client for uuid->3a843b47-6b7a-4af1-ae28-eb8c84a22b58
2026-07-24 10:43:24.603 [main] INFO  com.alibaba.nacos.common.remote.client - [3a843b47-6b7a-4af1-ae28-eb8c84a22b58] RpcClient init, ServerListFactory = com.alibaba.nacos.client.naming.core.NamingServerListManager
2026-07-24 10:43:24.603 [main] INFO  com.alibaba.nacos.common.remote.client - [3a843b47-6b7a-4af1-ae28-eb8c84a22b58] Registry connection listener to current client:com.alibaba.nacos.client.naming.remote.gprc.redo.NamingGrpcRedoService
2026-07-24 10:43:24.604 [main] INFO  com.alibaba.nacos.common.remote.client - [3a843b47-6b7a-4af1-ae28-eb8c84a22b58] Register server push request handler:com.alibaba.nacos.client.naming.remote.gprc.NamingPushRequestHandler
2026-07-24 10:43:24.605 [main] INFO  com.alibaba.nacos.common.remote.client - [3a843b47-6b7a-4af1-ae28-eb8c84a22b58] Register server push request handler:com.alibaba.nacos.client.naming.remote.gprc.NamingFuzzyWatchNotifyRequestHandler
2026-07-24 10:43:24.607 [main] INFO  com.alibaba.nacos.common.remote.client - [3a843b47-6b7a-4af1-ae28-eb8c84a22b58] Try to connect to server on start up, server: {serverIp = '127.0.0.1', server main port = 8848}
2026-07-24 10:43:24.607 [main] INFO  c.a.nacos.common.remote.client.grpc.GrpcClient - grpc client connection server: 127.0.0.1 ip, serverPort: 9848, grpcTslConfig: {"enableTls":false,"mutualAuthEnable":false,"trustAll":true}
2026-07-24 10:43:24.638 [main] INFO  com.alibaba.nacos.common.remote.client - [3a843b47-6b7a-4af1-ae28-eb8c84a22b58] Success to connect to server [127.0.0.1:8848] on start up, connectionId = 1784861004617_192.168.65.1_30289
2026-07-24 10:43:24.638 [main] INFO  com.alibaba.nacos.common.remote.client - [3a843b47-6b7a-4af1-ae28-eb8c84a22b58] Register server push request handler:com.alibaba.nacos.common.remote.client.RpcClient$ConnectResetRequestHandler
2026-07-24 10:43:24.638 [main] INFO  com.alibaba.nacos.common.remote.client - [3a843b47-6b7a-4af1-ae28-eb8c84a22b58] Register server push request handler:com.alibaba.nacos.common.remote.client.RpcClient$$Lambda$772/0x0000000801516800
2026-07-24 10:43:24.638 [com.alibaba.nacos.client.remote.worker.0] INFO  com.alibaba.nacos.common.remote.client - [3a843b47-6b7a-4af1-ae28-eb8c84a22b58] Notify connected event to listeners.
2026-07-24 10:43:24.639 [com.alibaba.nacos.client.remote.worker.0] INFO  com.alibaba.nacos.client.naming - Grpc connection connect
2026-07-24 10:43:24.640 [main] INFO  com.alibaba.nacos.client.naming - [REGISTER-SERVICE] idlestore-dev registering service idle-store-distributed-id-generator with instance Instance{instanceId='null', ip='192.168.1.5', port=8084, weight=1.0, healthy=true, enabled=true, ephemeral=true, clusterName='', serviceName='null', metadata={IPv6=[240e:347:b1f:6e00:3812:5b0c:a940:7ac4], preserved.register.source=SPRING_CLOUD}}
2026-07-24 10:43:24.660 [main] INFO  c.a.cloud.nacos.registry.NacosServiceRegistry - nacos registry, DEFAULT_GROUP idle-store-distributed-id-generator 192.168.1.5:8084 register finished
2026-07-24 10:43:24.715 [main] INFO  c.l.i.d.i.g.b.IdleStoreDistributedIdGeneratorApplication - Started IdleStoreDistributedIdGeneratorApplication in 3.598 seconds (process running for 4.134)
2026-07-24 10:44:23.683 [check-idCache-thread] INFO  c.l.i.d.i.g.biz.core.segment.SegmentIdGenerator - update cache from db
2026-07-24 10:44:23.689 [check-idCache-thread] INFO  org.perf4j.TimingLogger - start[1784861063684] time[5] tag[updateCacheFromDb]
2026-07-24 10:45:23.694 [check-idCache-thread] INFO  c.l.i.d.i.g.biz.core.segment.SegmentIdGenerator - update cache from db
2026-07-24 10:45:23.697 [check-idCache-thread] INFO  org.perf4j.TimingLogger - start[1784861123695] time[2] tag[updateCacheFromDb]
2026-07-24 10:46:23.701 [check-idCache-thread] INFO  c.l.i.d.i.g.biz.core.segment.SegmentIdGenerator - update cache from db
2026-07-24 10:46:23.704 [check-idCache-thread] INFO  org.perf4j.TimingLogger - start[1784861183702] time[2] tag[updateCacheFromDb]
2026-07-24 10:47:23.709 [check-idCache-thread] INFO  c.l.i.d.i.g.biz.core.segment.SegmentIdGenerator - update cache from db
2026-07-24 10:47:23.717 [check-idCache-thread] INFO  org.perf4j.TimingLogger - start[1784861243710] time[7] tag[updateCacheFromDb]
2026-07-24 10:48:23.718 [check-idCache-thread] INFO  c.l.i.d.i.g.biz.core.segment.SegmentIdGenerator - update cache from db
2026-07-24 10:48:23.720 [check-idCache-thread] INFO  org.perf4j.TimingLogger - start[1784861303718] time[1] tag[updateCacheFromDb]
2026-07-24 10:49:23.724 [check-idCache-thread] INFO  c.l.i.d.i.g.biz.core.segment.SegmentIdGenerator - update cache from db
2026-07-24 10:49:23.726 [check-idCache-thread] INFO  org.perf4j.TimingLogger - start[1784861363724] time[1] tag[updateCacheFromDb]
2026-07-24 10:50:23.726 [check-idCache-thread] INFO  c.l.i.d.i.g.biz.core.segment.SegmentIdGenerator - update cache from db
2026-07-24 10:50:23.728 [check-idCache-thread] INFO  org.perf4j.TimingLogger - start[1784861423726] time[1] tag[updateCacheFromDb]
2026-07-24 10:51:23.732 [check-idCache-thread] INFO  c.l.i.d.i.g.biz.core.segment.SegmentIdGenerator - update cache from db
2026-07-24 10:51:23.735 [check-idCache-thread] INFO  org.perf4j.TimingLogger - start[1784861483733] time[2] tag[updateCacheFromDb]
2026-07-24 10:52:23.745 [check-idCache-thread] INFO  c.l.i.d.i.g.biz.core.segment.SegmentIdGenerator - update cache from db
2026-07-24 10:52:23.747 [check-idCache-thread] INFO  org.perf4j.TimingLogger - start[1784861543745] time[1] tag[updateCacheFromDb]
2026-07-24 10:53:23.751 [check-idCache-thread] INFO  c.l.i.d.i.g.biz.core.segment.SegmentIdGenerator - update cache from db
2026-07-24 10:53:23.754 [check-idCache-thread] INFO  org.perf4j.TimingLogger - start[1784861603753] time[1] tag[updateCacheFromDb]
2026-07-24 10:54:23.759 [check-idCache-thread] INFO  c.l.i.d.i.g.biz.core.segment.SegmentIdGenerator - update cache from db
2026-07-24 10:54:23.763 [check-idCache-thread] INFO  org.perf4j.TimingLogger - start[1784861663760] time[3] tag[updateCacheFromDb]
2026-07-24 10:55:23.767 [check-idCache-thread] INFO  c.l.i.d.i.g.biz.core.segment.SegmentIdGenerator - update cache from db
2026-07-24 10:55:23.773 [check-idCache-thread] INFO  org.perf4j.TimingLogger - start[1784861723769] time[3] tag[updateCacheFromDb]
2026-07-24 10:56:23.777 [check-idCache-thread] INFO  c.l.i.d.i.g.biz.core.segment.SegmentIdGenerator - update cache from db
2026-07-24 10:56:23.782 [check-idCache-thread] INFO  org.perf4j.TimingLogger - start[1784861783780] time[2] tag[updateCacheFromDb]
2026-07-24 10:57:23.784 [check-idCache-thread] INFO  c.l.i.d.i.g.biz.core.segment.SegmentIdGenerator - update cache from db
2026-07-24 10:57:23.786 [check-idCache-thread] INFO  org.perf4j.TimingLogger - start[1784861843784] time[1] tag[updateCacheFromDb]
2026-07-24 10:58:23.791 [check-idCache-thread] INFO  c.l.i.d.i.g.biz.core.segment.SegmentIdGenerator - update cache from db
2026-07-24 10:58:23.794 [check-idCache-thread] INFO  org.perf4j.TimingLogger - start[1784861903792] time[2] tag[updateCacheFromDb]
2026-07-24 10:59:23.798 [check-idCache-thread] INFO  c.l.i.d.i.g.biz.core.segment.SegmentIdGenerator - update cache from db
2026-07-24 10:59:23.801 [check-idCache-thread] INFO  org.perf4j.TimingLogger - start[1784861963799] time[2] tag[updateCacheFromDb]
2026-07-24 11:00:23.804 [check-idCache-thread] INFO  c.l.i.d.i.g.biz.core.segment.SegmentIdGenerator - update cache from db
2026-07-24 11:00:23.808 [check-idCache-thread] INFO  org.perf4j.TimingLogger - start[1784862023805] time[2] tag[updateCacheFromDb]
2026-07-24 11:01:23.813 [check-idCache-thread] INFO  c.l.i.d.i.g.biz.core.segment.SegmentIdGenerator - update cache from db
2026-07-24 11:01:23.816 [check-idCache-thread] INFO  org.perf4j.TimingLogger - start[1784862083814] time[2] tag[updateCacheFromDb]
2026-07-24 11:02:23.819 [check-idCache-thread] INFO  c.l.i.d.i.g.biz.core.segment.SegmentIdGenerator - update cache from db
2026-07-24 11:02:23.822 [check-idCache-thread] INFO  org.perf4j.TimingLogger - start[1784862143820] time[2] tag[updateCacheFromDb]
2026-07-24 11:03:23.827 [check-idCache-thread] INFO  c.l.i.d.i.g.biz.core.segment.SegmentIdGenerator - update cache from db
2026-07-24 11:03:23.832 [check-idCache-thread] INFO  org.perf4j.TimingLogger - start[1784862203829] time[2] tag[updateCacheFromDb]
2026-07-24 11:04:23.835 [check-idCache-thread] INFO  c.l.i.d.i.g.biz.core.segment.SegmentIdGenerator - update cache from db
2026-07-24 11:04:23.837 [check-idCache-thread] INFO  org.perf4j.TimingLogger - start[1784862263836] time[1] tag[updateCacheFromDb]
2026-07-24 11:05:23.840 [check-idCache-thread] INFO  c.l.i.d.i.g.biz.core.segment.SegmentIdGenerator - update cache from db
2026-07-24 11:05:23.845 [check-idCache-thread] INFO  org.perf4j.TimingLogger - start[1784862323842] time[3] tag[updateCacheFromDb]
2026-07-24 11:06:23.849 [check-idCache-thread] INFO  c.l.i.d.i.g.biz.core.segment.SegmentIdGenerator - update cache from db
2026-07-24 11:06:23.853 [check-idCache-thread] INFO  org.perf4j.TimingLogger - start[1784862383850] time[2] tag[updateCacheFromDb]
2026-07-24 11:07:23.815 [check-idCache-thread] INFO  c.l.i.d.i.g.biz.core.segment.SegmentIdGenerator - update cache from db
2026-07-24 11:07:23.819 [check-idCache-thread] INFO  org.perf4j.TimingLogger - start[1784862443816] time[2] tag[updateCacheFromDb]
2026-07-24 11:08:23.818 [check-idCache-thread] INFO  c.l.i.d.i.g.biz.core.segment.SegmentIdGenerator - update cache from db
2026-07-24 11:08:23.822 [check-idCache-thread] INFO  org.perf4j.TimingLogger - start[1784862503819] time[2] tag[updateCacheFromDb]
2026-07-24 11:09:23.825 [check-idCache-thread] INFO  c.l.i.d.i.g.biz.core.segment.SegmentIdGenerator - update cache from db
2026-07-24 11:09:23.829 [check-idCache-thread] INFO  org.perf4j.TimingLogger - start[1784862563826] time[2] tag[updateCacheFromDb]
2026-07-24 11:10:23.830 [check-idCache-thread] INFO  c.l.i.d.i.g.biz.core.segment.SegmentIdGenerator - update cache from db
2026-07-24 11:10:23.834 [check-idCache-thread] INFO  org.perf4j.TimingLogger - start[1784862623832] time[2] tag[updateCacheFromDb]
2026-07-24 11:11:23.837 [check-idCache-thread] INFO  c.l.i.d.i.g.biz.core.segment.SegmentIdGenerator - update cache from db
2026-07-24 11:11:23.840 [check-idCache-thread] INFO  org.perf4j.TimingLogger - start[1784862683838] time[2] tag[updateCacheFromDb]
2026-07-24 11:12:23.844 [check-idCache-thread] INFO  c.l.i.d.i.g.biz.core.segment.SegmentIdGenerator - update cache from db
2026-07-24 11:12:23.847 [check-idCache-thread] INFO  org.perf4j.TimingLogger - start[1784862743846] time[1] tag[updateCacheFromDb]
2026-07-24 11:13:23.852 [check-idCache-thread] INFO  c.l.i.d.i.g.biz.core.segment.SegmentIdGenerator - update cache from db
2026-07-24 11:13:23.856 [check-idCache-thread] INFO  org.perf4j.TimingLogger - start[1784862803853] time[2] tag[updateCacheFromDb]
2026-07-24 11:14:23.860 [check-idCache-thread] INFO  c.l.i.d.i.g.biz.core.segment.SegmentIdGenerator - update cache from db
2026-07-24 11:14:23.863 [check-idCache-thread] INFO  org.perf4j.TimingLogger - start[1784862863860] time[3] tag[updateCacheFromDb]
2026-07-24 11:15:23.867 [check-idCache-thread] INFO  c.l.i.d.i.g.biz.core.segment.SegmentIdGenerator - update cache from db
2026-07-24 11:15:23.871 [check-idCache-thread] INFO  org.perf4j.TimingLogger - start[1784862923869] time[2] tag[updateCacheFromDb]
2026-07-24 11:16:23.874 [check-idCache-thread] INFO  c.l.i.d.i.g.biz.core.segment.SegmentIdGenerator - update cache from db
2026-07-24 11:16:23.877 [check-idCache-thread] INFO  org.perf4j.TimingLogger - start[1784862983875] time[2] tag[updateCacheFromDb]
2026-07-24 11:17:23.882 [check-idCache-thread] INFO  c.l.i.d.i.g.biz.core.segment.SegmentIdGenerator - update cache from db
2026-07-24 11:17:23.884 [check-idCache-thread] INFO  org.perf4j.TimingLogger - start[1784863043882] time[1] tag[updateCacheFromDb]
2026-07-24 11:18:23.887 [check-idCache-thread] INFO  c.l.i.d.i.g.biz.core.segment.SegmentIdGenerator - update cache from db
2026-07-24 11:18:23.890 [check-idCache-thread] INFO  org.perf4j.TimingLogger - start[1784863103888] time[1] tag[updateCacheFromDb]
2026-07-24 11:19:23.892 [check-idCache-thread] INFO  c.l.i.d.i.g.biz.core.segment.SegmentIdGenerator - update cache from db
2026-07-24 11:19:23.894 [check-idCache-thread] INFO  org.perf4j.TimingLogger - start[1784863163892] time[1] tag[updateCacheFromDb]
2026-07-24 11:20:23.898 [check-idCache-thread] INFO  c.l.i.d.i.g.biz.core.segment.SegmentIdGenerator - update cache from db
2026-07-24 11:20:23.900 [check-idCache-thread] INFO  org.perf4j.TimingLogger - start[1784863223898] time[1] tag[updateCacheFromDb]
2026-07-24 11:21:23.904 [check-idCache-thread] INFO  c.l.i.d.i.g.biz.core.segment.SegmentIdGenerator - update cache from db
2026-07-24 11:21:23.907 [check-idCache-thread] INFO  org.perf4j.TimingLogger - start[1784863283905] time[1] tag[updateCacheFromDb]
2026-07-24 11:22:23.905 [check-idCache-thread] INFO  c.l.i.d.i.g.biz.core.segment.SegmentIdGenerator - update cache from db
2026-07-24 11:22:23.909 [check-idCache-thread] INFO  org.perf4j.TimingLogger - start[1784863343906] time[3] tag[updateCacheFromDb]
2026-07-24 11:23:23.912 [check-idCache-thread] INFO  c.l.i.d.i.g.biz.core.segment.SegmentIdGenerator - update cache from db
2026-07-24 11:23:23.915 [check-idCache-thread] INFO  org.perf4j.TimingLogger - start[1784863403913] time[2] tag[updateCacheFromDb]
2026-07-24 11:24:23.918 [check-idCache-thread] INFO  c.l.i.d.i.g.biz.core.segment.SegmentIdGenerator - update cache from db
2026-07-24 11:24:23.923 [check-idCache-thread] INFO  org.perf4j.TimingLogger - start[1784863463919] time[3] tag[updateCacheFromDb]
2026-07-24 11:25:23.926 [check-idCache-thread] INFO  c.l.i.d.i.g.biz.core.segment.SegmentIdGenerator - update cache from db
2026-07-24 11:25:23.930 [check-idCache-thread] INFO  org.perf4j.TimingLogger - start[1784863523927] time[2] tag[updateCacheFromDb]
2026-07-24 11:26:23.932 [check-idCache-thread] INFO  c.l.i.d.i.g.biz.core.segment.SegmentIdGenerator - update cache from db
2026-07-24 11:26:23.935 [check-idCache-thread] INFO  org.perf4j.TimingLogger - start[1784863583933] time[2] tag[updateCacheFromDb]
2026-07-24 11:27:23.940 [check-idCache-thread] INFO  c.l.i.d.i.g.biz.core.segment.SegmentIdGenerator - update cache from db
2026-07-24 11:27:23.945 [check-idCache-thread] INFO  org.perf4j.TimingLogger - start[1784863643941] time[3] tag[updateCacheFromDb]
2026-07-24 11:28:23.949 [check-idCache-thread] INFO  c.l.i.d.i.g.biz.core.segment.SegmentIdGenerator - update cache from db
2026-07-24 11:28:23.952 [check-idCache-thread] INFO  org.perf4j.TimingLogger - start[1784863703950] time[2] tag[updateCacheFromDb]
2026-07-24 11:29:23.956 [check-idCache-thread] INFO  c.l.i.d.i.g.biz.core.segment.SegmentIdGenerator - update cache from db
2026-07-24 11:29:23.960 [check-idCache-thread] INFO  org.perf4j.TimingLogger - start[1784863763957] time[3] tag[updateCacheFromDb]
2026-07-24 11:30:23.964 [check-idCache-thread] INFO  c.l.i.d.i.g.biz.core.segment.SegmentIdGenerator - update cache from db
2026-07-24 11:30:23.967 [check-idCache-thread] INFO  org.perf4j.TimingLogger - start[1784863823965] time[2] tag[updateCacheFromDb]
2026-07-24 11:31:23.972 [check-idCache-thread] INFO  c.l.i.d.i.g.biz.core.segment.SegmentIdGenerator - update cache from db
2026-07-24 11:31:23.976 [check-idCache-thread] INFO  org.perf4j.TimingLogger - start[1784863883973] time[3] tag[updateCacheFromDb]
2026-07-24 11:32:23.981 [check-idCache-thread] INFO  c.l.i.d.i.g.biz.core.segment.SegmentIdGenerator - update cache from db
2026-07-24 11:32:23.984 [check-idCache-thread] INFO  org.perf4j.TimingLogger - start[1784863943982] time[1] tag[updateCacheFromDb]
2026-07-24 11:33:23.988 [check-idCache-thread] INFO  c.l.i.d.i.g.biz.core.segment.SegmentIdGenerator - update cache from db
2026-07-24 11:33:23.992 [check-idCache-thread] INFO  org.perf4j.TimingLogger - start[1784864003989] time[2] tag[updateCacheFromDb]
2026-07-24 11:34:23.996 [check-idCache-thread] INFO  c.l.i.d.i.g.biz.core.segment.SegmentIdGenerator - update cache from db
2026-07-24 11:34:24.000 [check-idCache-thread] INFO  org.perf4j.TimingLogger - start[1784864063997] time[2] tag[updateCacheFromDb]
2026-07-24 11:35:24.003 [check-idCache-thread] INFO  c.l.i.d.i.g.biz.core.segment.SegmentIdGenerator - update cache from db
2026-07-24 11:35:24.007 [check-idCache-thread] INFO  org.perf4j.TimingLogger - start[1784864124005] time[2] tag[updateCacheFromDb]
2026-07-24 11:36:24.011 [check-idCache-thread] INFO  c.l.i.d.i.g.biz.core.segment.SegmentIdGenerator - update cache from db
2026-07-24 11:36:24.015 [check-idCache-thread] INFO  org.perf4j.TimingLogger - start[1784864184012] time[2] tag[updateCacheFromDb]
2026-07-24 11:37:24.024 [check-idCache-thread] INFO  c.l.i.d.i.g.biz.core.segment.SegmentIdGenerator - update cache from db
2026-07-24 11:37:24.028 [check-idCache-thread] INFO  org.perf4j.TimingLogger - start[1784864244025] time[3] tag[updateCacheFromDb]
2026-07-24 11:38:24.055 [check-idCache-thread] INFO  c.l.i.d.i.g.biz.core.segment.SegmentIdGenerator - update cache from db
2026-07-24 11:38:24.058 [check-idCache-thread] INFO  org.perf4j.TimingLogger - start[1784864304055] time[2] tag[updateCacheFromDb]
2026-07-24 11:39:24.063 [check-idCache-thread] INFO  c.l.i.d.i.g.biz.core.segment.SegmentIdGenerator - update cache from db
2026-07-24 11:39:24.067 [check-idCache-thread] INFO  org.perf4j.TimingLogger - start[1784864364065] time[1] tag[updateCacheFromDb]
2026-07-24 11:40:24.076 [check-idCache-thread] INFO  c.l.i.d.i.g.biz.core.segment.SegmentIdGenerator - update cache from db
2026-07-24 11:40:24.080 [check-idCache-thread] INFO  org.perf4j.TimingLogger - start[1784864424077] time[3] tag[updateCacheFromDb]
2026-07-24 11:41:24.089 [check-idCache-thread] INFO  c.l.i.d.i.g.biz.core.segment.SegmentIdGenerator - update cache from db
2026-07-24 11:41:24.093 [check-idCache-thread] INFO  org.perf4j.TimingLogger - start[1784864484091] time[2] tag[updateCacheFromDb]
2026-07-24 11:42:24.098 [check-idCache-thread] INFO  c.l.i.d.i.g.biz.core.segment.SegmentIdGenerator - update cache from db
2026-07-24 11:42:24.102 [check-idCache-thread] INFO  org.perf4j.TimingLogger - start[1784864544099] time[2] tag[updateCacheFromDb]
2026-07-24 11:43:24.105 [check-idCache-thread] INFO  c.l.i.d.i.g.biz.core.segment.SegmentIdGenerator - update cache from db
2026-07-24 11:43:24.109 [check-idCache-thread] INFO  org.perf4j.TimingLogger - start[1784864604106] time[3] tag[updateCacheFromDb]
2026-07-24 11:44:24.114 [check-idCache-thread] INFO  c.l.i.d.i.g.biz.core.segment.SegmentIdGenerator - update cache from db
2026-07-24 11:44:24.118 [check-idCache-thread] INFO  org.perf4j.TimingLogger - start[1784864664115] time[3] tag[updateCacheFromDb]
2026-07-24 11:45:24.122 [check-idCache-thread] INFO  c.l.i.d.i.g.biz.core.segment.SegmentIdGenerator - update cache from db
2026-07-24 11:45:24.127 [check-idCache-thread] INFO  org.perf4j.TimingLogger - start[1784864724123] time[3] tag[updateCacheFromDb]
2026-07-24 11:46:24.131 [check-idCache-thread] INFO  c.l.i.d.i.g.biz.core.segment.SegmentIdGenerator - update cache from db
2026-07-24 11:46:24.134 [check-idCache-thread] INFO  org.perf4j.TimingLogger - start[1784864784132] time[2] tag[updateCacheFromDb]
2026-07-24 11:47:24.139 [check-idCache-thread] INFO  c.l.i.d.i.g.biz.core.segment.SegmentIdGenerator - update cache from db
2026-07-24 11:47:24.141 [check-idCache-thread] INFO  org.perf4j.TimingLogger - start[1784864844139] time[2] tag[updateCacheFromDb]
2026-07-24 11:48:24.145 [check-idCache-thread] INFO  c.l.i.d.i.g.biz.core.segment.SegmentIdGenerator - update cache from db
2026-07-24 11:48:24.149 [check-idCache-thread] INFO  org.perf4j.TimingLogger - start[1784864904146] time[2] tag[updateCacheFromDb]
2026-07-24 11:49:24.153 [check-idCache-thread] INFO  c.l.i.d.i.g.biz.core.segment.SegmentIdGenerator - update cache from db
2026-07-24 11:49:24.156 [check-idCache-thread] INFO  org.perf4j.TimingLogger - start[1784864964154] time[2] tag[updateCacheFromDb]
2026-07-24 11:50:24.161 [check-idCache-thread] INFO  c.l.i.d.i.g.biz.core.segment.SegmentIdGenerator - update cache from db
2026-07-24 11:50:24.165 [check-idCache-thread] INFO  org.perf4j.TimingLogger - start[1784865024161] time[3] tag[updateCacheFromDb]
2026-07-24 11:51:24.166 [check-idCache-thread] INFO  c.l.i.d.i.g.biz.core.segment.SegmentIdGenerator - update cache from db
2026-07-24 11:51:24.169 [check-idCache-thread] INFO  org.perf4j.TimingLogger - start[1784865084167] time[2] tag[updateCacheFromDb]
2026-07-24 11:52:24.174 [check-idCache-thread] INFO  c.l.i.d.i.g.biz.core.segment.SegmentIdGenerator - update cache from db
2026-07-24 11:52:24.177 [check-idCache-thread] INFO  org.perf4j.TimingLogger - start[1784865144175] time[2] tag[updateCacheFromDb]
2026-07-24 11:53:24.210 [check-idCache-thread] INFO  c.l.i.d.i.g.biz.core.segment.SegmentIdGenerator - update cache from db
2026-07-24 11:53:24.212 [check-idCache-thread] INFO  org.perf4j.TimingLogger - start[1784865204210] time[1] tag[updateCacheFromDb]
2026-07-24 11:54:24.240 [check-idCache-thread] INFO  c.l.i.d.i.g.biz.core.segment.SegmentIdGenerator - update cache from db
2026-07-24 11:54:24.243 [check-idCache-thread] INFO  org.perf4j.TimingLogger - start[1784865264241] time[2] tag[updateCacheFromDb]
2026-07-24 11:55:24.253 [check-idCache-thread] INFO  c.l.i.d.i.g.biz.core.segment.SegmentIdGenerator - update cache from db
2026-07-24 11:55:24.257 [check-idCache-thread] INFO  org.perf4j.TimingLogger - start[1784865324254] time[2] tag[updateCacheFromDb]
2026-07-24 11:56:24.264 [check-idCache-thread] INFO  c.l.i.d.i.g.biz.core.segment.SegmentIdGenerator - update cache from db
2026-07-24 11:56:24.267 [check-idCache-thread] INFO  org.perf4j.TimingLogger - start[1784865384265] time[2] tag[updateCacheFromDb]
2026-07-24 11:57:24.278 [check-idCache-thread] INFO  c.l.i.d.i.g.biz.core.segment.SegmentIdGenerator - update cache from db
2026-07-24 11:57:24.280 [check-idCache-thread] INFO  org.perf4j.TimingLogger - start[1784865444279] time[1] tag[updateCacheFromDb]
2026-07-24 11:58:24.286 [check-idCache-thread] INFO  c.l.i.d.i.g.biz.core.segment.SegmentIdGenerator - update cache from db
2026-07-24 11:58:24.287 [check-idCache-thread] INFO  org.perf4j.TimingLogger - start[1784865504286] time[1] tag[updateCacheFromDb]
2026-07-24 11:59:24.295 [check-idCache-thread] INFO  c.l.i.d.i.g.biz.core.segment.SegmentIdGenerator - update cache from db
2026-07-24 11:59:24.298 [check-idCache-thread] INFO  org.perf4j.TimingLogger - start[1784865564296] time[2] tag[updateCacheFromDb]
2026-07-24 12:00:24.306 [check-idCache-thread] INFO  c.l.i.d.i.g.biz.core.segment.SegmentIdGenerator - update cache from db
2026-07-24 12:00:24.309 [check-idCache-thread] INFO  org.perf4j.TimingLogger - start[1784865624307] time[2] tag[updateCacheFromDb]
2026-07-24 12:01:24.316 [check-idCache-thread] INFO  c.l.i.d.i.g.biz.core.segment.SegmentIdGenerator - update cache from db
2026-07-24 12:01:24.319 [check-idCache-thread] INFO  org.perf4j.TimingLogger - start[1784865684317] time[2] tag[updateCacheFromDb]
2026-07-24 12:02:24.329 [check-idCache-thread] INFO  c.l.i.d.i.g.biz.core.segment.SegmentIdGenerator - update cache from db
2026-07-24 12:02:24.331 [check-idCache-thread] INFO  org.perf4j.TimingLogger - start[1784865744330] time[1] tag[updateCacheFromDb]
2026-07-24 12:03:24.341 [check-idCache-thread] INFO  c.l.i.d.i.g.biz.core.segment.SegmentIdGenerator - update cache from db
2026-07-24 12:03:24.344 [check-idCache-thread] INFO  org.perf4j.TimingLogger - start[1784865804342] time[1] tag[updateCacheFromDb]
2026-07-24 12:04:24.351 [check-idCache-thread] INFO  c.l.i.d.i.g.biz.core.segment.SegmentIdGenerator - update cache from db
2026-07-24 12:04:24.354 [check-idCache-thread] INFO  org.perf4j.TimingLogger - start[1784865864351] time[2] tag[updateCacheFromDb]
2026-07-24 12:05:24.362 [check-idCache-thread] INFO  c.l.i.d.i.g.biz.core.segment.SegmentIdGenerator - update cache from db
2026-07-24 12:05:24.365 [check-idCache-thread] INFO  org.perf4j.TimingLogger - start[1784865924363] time[2] tag[updateCacheFromDb]
2026-07-24 12:06:24.373 [check-idCache-thread] INFO  c.l.i.d.i.g.biz.core.segment.SegmentIdGenerator - update cache from db
2026-07-24 12:06:24.376 [check-idCache-thread] INFO  org.perf4j.TimingLogger - start[1784865984373] time[2] tag[updateCacheFromDb]
2026-07-24 12:07:24.386 [check-idCache-thread] INFO  c.l.i.d.i.g.biz.core.segment.SegmentIdGenerator - update cache from db
2026-07-24 12:07:24.390 [check-idCache-thread] INFO  org.perf4j.TimingLogger - start[1784866044387] time[3] tag[updateCacheFromDb]
2026-07-24 12:08:24.399 [check-idCache-thread] INFO  c.l.i.d.i.g.biz.core.segment.SegmentIdGenerator - update cache from db
2026-07-24 12:08:24.403 [check-idCache-thread] INFO  org.perf4j.TimingLogger - start[1784866104400] time[2] tag[updateCacheFromDb]
2026-07-24 12:09:24.410 [check-idCache-thread] INFO  c.l.i.d.i.g.biz.core.segment.SegmentIdGenerator - update cache from db
2026-07-24 12:09:24.413 [check-idCache-thread] INFO  org.perf4j.TimingLogger - start[1784866164411] time[2] tag[updateCacheFromDb]
2026-07-24 12:10:24.422 [check-idCache-thread] INFO  c.l.i.d.i.g.biz.core.segment.SegmentIdGenerator - update cache from db
2026-07-24 12:10:24.426 [check-idCache-thread] INFO  org.perf4j.TimingLogger - start[1784866224423] time[2] tag[updateCacheFromDb]
2026-07-24 12:11:24.436 [check-idCache-thread] INFO  c.l.i.d.i.g.biz.core.segment.SegmentIdGenerator - update cache from db
2026-07-24 12:11:24.442 [check-idCache-thread] INFO  org.perf4j.TimingLogger - start[1784866284438] time[3] tag[updateCacheFromDb]
2026-07-24 12:12:24.446 [check-idCache-thread] INFO  c.l.i.d.i.g.biz.core.segment.SegmentIdGenerator - update cache from db
2026-07-24 12:12:24.450 [check-idCache-thread] INFO  org.perf4j.TimingLogger - start[1784866344447] time[2] tag[updateCacheFromDb]
2026-07-24 12:13:24.454 [check-idCache-thread] INFO  c.l.i.d.i.g.biz.core.segment.SegmentIdGenerator - update cache from db
2026-07-24 12:13:24.457 [check-idCache-thread] INFO  org.perf4j.TimingLogger - start[1784866404455] time[1] tag[updateCacheFromDb]
2026-07-24 12:14:24.461 [check-idCache-thread] INFO  c.l.i.d.i.g.biz.core.segment.SegmentIdGenerator - update cache from db
2026-07-24 12:14:24.464 [check-idCache-thread] INFO  org.perf4j.TimingLogger - start[1784866464461] time[2] tag[updateCacheFromDb]
2026-07-24 12:15:24.468 [check-idCache-thread] INFO  c.l.i.d.i.g.biz.core.segment.SegmentIdGenerator - update cache from db
2026-07-24 12:15:24.471 [check-idCache-thread] INFO  org.perf4j.TimingLogger - start[1784866524469] time[2] tag[updateCacheFromDb]
2026-07-24 12:16:24.476 [check-idCache-thread] INFO  c.l.i.d.i.g.biz.core.segment.SegmentIdGenerator - update cache from db
2026-07-24 12:16:24.479 [check-idCache-thread] INFO  org.perf4j.TimingLogger - start[1784866584477] time[1] tag[updateCacheFromDb]
2026-07-24 12:17:24.483 [check-idCache-thread] INFO  c.l.i.d.i.g.biz.core.segment.SegmentIdGenerator - update cache from db
2026-07-24 12:17:24.485 [check-idCache-thread] INFO  org.perf4j.TimingLogger - start[1784866644483] time[2] tag[updateCacheFromDb]
2026-07-24 12:18:24.488 [check-idCache-thread] INFO  c.l.i.d.i.g.biz.core.segment.SegmentIdGenerator - update cache from db
2026-07-24 12:18:24.491 [check-idCache-thread] INFO  org.perf4j.TimingLogger - start[1784866704489] time[2] tag[updateCacheFromDb]
2026-07-24 12:19:24.496 [check-idCache-thread] INFO  c.l.i.d.i.g.biz.core.segment.SegmentIdGenerator - update cache from db
2026-07-24 12:19:24.501 [check-idCache-thread] INFO  org.perf4j.TimingLogger - start[1784866764498] time[3] tag[updateCacheFromDb]
2026-07-24 12:20:24.504 [check-idCache-thread] INFO  c.l.i.d.i.g.biz.core.segment.SegmentIdGenerator - update cache from db
2026-07-24 12:20:24.509 [check-idCache-thread] INFO  org.perf4j.TimingLogger - start[1784866824506] time[3] tag[updateCacheFromDb]
2026-07-24 12:21:24.513 [check-idCache-thread] INFO  c.l.i.d.i.g.biz.core.segment.SegmentIdGenerator - update cache from db
2026-07-24 12:21:24.516 [check-idCache-thread] INFO  org.perf4j.TimingLogger - start[1784866884514] time[1] tag[updateCacheFromDb]
2026-07-24 12:22:24.518 [check-idCache-thread] INFO  c.l.i.d.i.g.biz.core.segment.SegmentIdGenerator - update cache from db
2026-07-24 12:22:24.521 [check-idCache-thread] INFO  org.perf4j.TimingLogger - start[1784866944519] time[2] tag[updateCacheFromDb]
2026-07-24 12:23:24.524 [check-idCache-thread] INFO  c.l.i.d.i.g.biz.core.segment.SegmentIdGenerator - update cache from db
2026-07-24 12:23:24.525 [check-idCache-thread] INFO  org.perf4j.TimingLogger - start[1784867004524] time[1] tag[updateCacheFromDb]
2026-07-24 12:24:24.530 [check-idCache-thread] INFO  c.l.i.d.i.g.biz.core.segment.SegmentIdGenerator - update cache from db
2026-07-24 12:24:24.533 [check-idCache-thread] INFO  org.perf4j.TimingLogger - start[1784867064530] time[2] tag[updateCacheFromDb]
2026-07-24 12:25:24.574 [check-idCache-thread] INFO  c.l.i.d.i.g.biz.core.segment.SegmentIdGenerator - update cache from db
2026-07-24 12:25:24.578 [check-idCache-thread] INFO  org.perf4j.TimingLogger - start[1784867124575] time[2] tag[updateCacheFromDb]
2026-07-24 12:26:24.590 [check-idCache-thread] INFO  c.l.i.d.i.g.biz.core.segment.SegmentIdGenerator - update cache from db
2026-07-24 12:26:24.592 [check-idCache-thread] INFO  org.perf4j.TimingLogger - start[1784867184591] time[1] tag[updateCacheFromDb]
2026-07-24 12:27:24.598 [check-idCache-thread] INFO  c.l.i.d.i.g.biz.core.segment.SegmentIdGenerator - update cache from db
2026-07-24 12:27:24.601 [check-idCache-thread] INFO  org.perf4j.TimingLogger - start[1784867244599] time[2] tag[updateCacheFromDb]
2026-07-24 12:28:24.605 [check-idCache-thread] INFO  c.l.i.d.i.g.biz.core.segment.SegmentIdGenerator - update cache from db
2026-07-24 12:28:24.608 [check-idCache-thread] INFO  org.perf4j.TimingLogger - start[1784867304606] time[2] tag[updateCacheFromDb]
2026-07-24 12:29:24.609 [check-idCache-thread] INFO  c.l.i.d.i.g.biz.core.segment.SegmentIdGenerator - update cache from db
2026-07-24 12:29:24.613 [check-idCache-thread] INFO  org.perf4j.TimingLogger - start[1784867364610] time[3] tag[updateCacheFromDb]
2026-07-24 12:30:24.618 [check-idCache-thread] INFO  c.l.i.d.i.g.biz.core.segment.SegmentIdGenerator - update cache from db
2026-07-24 12:30:24.623 [check-idCache-thread] INFO  org.perf4j.TimingLogger - start[1784867424619] time[3] tag[updateCacheFromDb]
2026-07-24 12:31:24.627 [check-idCache-thread] INFO  c.l.i.d.i.g.biz.core.segment.SegmentIdGenerator - update cache from db
2026-07-24 12:31:24.630 [check-idCache-thread] INFO  org.perf4j.TimingLogger - start[1784867484628] time[2] tag[updateCacheFromDb]
2026-07-24 12:32:24.633 [check-idCache-thread] INFO  c.l.i.d.i.g.biz.core.segment.SegmentIdGenerator - update cache from db
2026-07-24 12:32:24.635 [check-idCache-thread] INFO  org.perf4j.TimingLogger - start[1784867544634] time[1] tag[updateCacheFromDb]
2026-07-24 12:33:24.640 [check-idCache-thread] INFO  c.l.i.d.i.g.biz.core.segment.SegmentIdGenerator - update cache from db
2026-07-24 12:33:24.644 [check-idCache-thread] INFO  org.perf4j.TimingLogger - start[1784867604642] time[2] tag[updateCacheFromDb]
2026-07-24 12:34:24.647 [check-idCache-thread] INFO  c.l.i.d.i.g.biz.core.segment.SegmentIdGenerator - update cache from db
2026-07-24 12:34:24.650 [check-idCache-thread] INFO  org.perf4j.TimingLogger - start[1784867664648] time[2] tag[updateCacheFromDb]
2026-07-24 12:35:24.654 [check-idCache-thread] INFO  c.l.i.d.i.g.biz.core.segment.SegmentIdGenerator - update cache from db
2026-07-24 12:35:24.658 [check-idCache-thread] INFO  org.perf4j.TimingLogger - start[1784867724655] time[3] tag[updateCacheFromDb]
2026-07-24 12:36:24.663 [check-idCache-thread] INFO  c.l.i.d.i.g.biz.core.segment.SegmentIdGenerator - update cache from db
2026-07-24 12:36:24.665 [check-idCache-thread] INFO  org.perf4j.TimingLogger - start[1784867784663] time[2] tag[updateCacheFromDb]
2026-07-24 12:37:24.670 [check-idCache-thread] INFO  c.l.i.d.i.g.biz.core.segment.SegmentIdGenerator - update cache from db
2026-07-24 12:37:24.674 [check-idCache-thread] INFO  org.perf4j.TimingLogger - start[1784867844671] time[2] tag[updateCacheFromDb]
2026-07-24 12:38:24.679 [check-idCache-thread] INFO  c.l.i.d.i.g.biz.core.segment.SegmentIdGenerator - update cache from db
2026-07-24 12:38:24.681 [check-idCache-thread] INFO  org.perf4j.TimingLogger - start[1784867904679] time[1] tag[updateCacheFromDb]
2026-07-24 12:39:24.686 [check-idCache-thread] INFO  c.l.i.d.i.g.biz.core.segment.SegmentIdGenerator - update cache from db
2026-07-24 12:39:24.688 [check-idCache-thread] INFO  org.perf4j.TimingLogger - start[1784867964687] time[1] tag[updateCacheFromDb]
2026-07-24 12:40:24.694 [check-idCache-thread] INFO  c.l.i.d.i.g.biz.core.segment.SegmentIdGenerator - update cache from db
2026-07-24 12:40:24.696 [check-idCache-thread] INFO  org.perf4j.TimingLogger - start[1784868024695] time[1] tag[updateCacheFromDb]
2026-07-24 12:41:24.701 [check-idCache-thread] INFO  c.l.i.d.i.g.biz.core.segment.SegmentIdGenerator - update cache from db
2026-07-24 12:41:24.705 [check-idCache-thread] INFO  org.perf4j.TimingLogger - start[1784868084702] time[3] tag[updateCacheFromDb]
2026-07-24 12:42:24.709 [check-idCache-thread] INFO  c.l.i.d.i.g.biz.core.segment.SegmentIdGenerator - update cache from db
2026-07-24 12:42:24.712 [check-idCache-thread] INFO  org.perf4j.TimingLogger - start[1784868144710] time[1] tag[updateCacheFromDb]
2026-07-24 12:43:24.716 [check-idCache-thread] INFO  c.l.i.d.i.g.biz.core.segment.SegmentIdGenerator - update cache from db
2026-07-24 12:43:24.719 [check-idCache-thread] INFO  org.perf4j.TimingLogger - start[1784868204717] time[2] tag[updateCacheFromDb]
2026-07-24 12:44:24.721 [check-idCache-thread] INFO  c.l.i.d.i.g.biz.core.segment.SegmentIdGenerator - update cache from db
2026-07-24 12:44:24.723 [check-idCache-thread] INFO  org.perf4j.TimingLogger - start[1784868264722] time[0] tag[updateCacheFromDb]
