2026-07-24 10:43:19.366 [main] INFO  com.lh.idlestore.user.IdleStoreUserApplication - Starting IdleStoreUserApplication using Java 17.0.15 with PID 2329 (/Users/ice/Desktop/cola/code/Java/graduation_project/idle-store/idle-store-user/idle-store-user-biz/target/classes started by ice in /Users/ice/Desktop/cola/code/Java/graduation_project/idle-store)
2026-07-24 10:43:19.367 [main] INFO  com.lh.idlestore.user.IdleStoreUserApplication - The following 1 profile is active: "dev"
2026-07-24 10:43:19.397 [main] INFO  c.a.cloud.nacos.configdata.NacosConfigDataLoader - [Nacos Config] Load config[dataId=shared-openfeign.yaml, group=DEFAULT_GROUP] success
2026-07-24 10:43:19.397 [main] INFO  c.a.cloud.nacos.configdata.NacosConfigDataLoader - [Nacos Config] Load config[dataId=shared-redis.yaml, group=DEFAULT_GROUP] success
2026-07-24 10:43:19.398 [main] INFO  c.a.cloud.nacos.configdata.NacosConfigDataLoader - [Nacos Config] Load config[dataId=shared-mysql.yaml, group=DEFAULT_GROUP] success
2026-07-24 10:43:19.886 [main] INFO  o.s.d.r.config.RepositoryConfigurationDelegate - Multiple Spring Data modules found, entering strict repository configuration mode
2026-07-24 10:43:19.887 [main] INFO  o.s.d.r.config.RepositoryConfigurationDelegate - Bootstrapping Spring Data Redis repositories in DEFAULT mode.
2026-07-24 10:43:19.913 [main] INFO  o.s.d.r.config.RepositoryConfigurationDelegate - Finished Spring Data repository scanning in 12 ms. Found 0 Redis repository interfaces.
2026-07-24 10:43:20.069 [main] INFO  o.springframework.cloud.context.scope.GenericScope - BeanFactory id=9a0964a2-d946-3cb8-9975-4de4d369bc62
2026-07-24 10:43:20.534 [main] INFO  o.s.boot.web.embedded.tomcat.TomcatWebServer - Tomcat initialized with port 8082 (http)
2026-07-24 10:43:20.549 [main] INFO  org.apache.catalina.core.StandardService - Starting service [Tomcat]
2026-07-24 10:43:20.549 [main] INFO  org.apache.catalina.core.StandardEngine - Starting Servlet engine: [Apache Tomcat/10.1.55]
2026-07-24 10:43:20.615 [main] INFO  o.a.c.core.ContainerBase.[Tomcat].[localhost].[/] - Initializing Spring embedded WebApplicationContext
2026-07-24 10:43:20.615 [main] INFO  o.s.b.w.s.c.ServletWebServerApplicationContext - Root WebApplicationContext: initialization completed in 1216 ms
2026-07-24 10:43:20.781 [main] INFO  c.a.d.s.b.a.DruidDataSourceAutoConfigure - Init DruidDataSource
2026-07-24 10:43:21.111 [main] INFO  com.alibaba.druid.pool.DruidDataSource - {dataSource-1} inited
2026-07-24 10:43:21.880 [main] INFO  o.s.cloud.openfeign.FeignClientFactoryBean - For 'idle-store-oss' URL not provided. Will try picking an instance via load-balancing.
2026-07-24 10:43:22.021 [main] INFO  o.s.v.beanvalidation.OptionalValidatorFactoryBean - Failed to set up a Bean Validation provider: jakarta.validation.NoProviderFoundException: Unable to create a Configuration, because no Jakarta Bean Validation provider could be found. Add a provider like Hibernate Validator (RI) to your classpath.
2026-07-24 10:43:22.309 [main] INFO  c.b.m.e.spring.MybatisPlusApplicationContextAware - Register ApplicationContext instances org.springframework.boot.web.servlet.context.AnnotationConfigServletWebServerApplicationContext@4fa822ad
2026-07-24 10:43:22.473 [main] WARN  o.s.c.l.c.LoadBalancerCacheAutoConfiguration$LoadBalancerCaffeineWarnLogger - Spring Cloud LoadBalancer is currently working with the default cache. While this cache implementation is useful for development and tests, it's recommended to use Caffeine cache in production.You can switch to using Caffeine cache, by adding it and org.springframework.cache.caffeine.CaffeineCacheManager to the classpath.
2026-07-24 10:43:22.544 [main] INFO  o.s.boot.web.embedded.tomcat.TomcatWebServer - Tomcat started on port 8082 (http) with context path '/'
2026-07-24 10:43:22.547 [main] INFO  com.alibaba.nacos.client.naming - Nacos client key init properties: 
	serverAddr=127.0.0.1:8848
	namespace=idlestore-dev

2026-07-24 10:43:22.548 [main] INFO  com.alibaba.nacos.client.naming - initializer namespace from ans.namespace attribute : null
2026-07-24 10:43:22.549 [main] INFO  com.alibaba.nacos.client.naming - initializer namespace from ALIBABA_ALIWARE_NAMESPACE attribute :null
2026-07-24 10:43:22.549 [main] INFO  com.alibaba.nacos.client.naming - initializer namespace from namespace attribute :null
2026-07-24 10:43:22.556 [main] INFO  com.alibaba.nacos.client.naming - FailoverDataSource type is class com.alibaba.nacos.client.naming.backups.datasource.DiskFailoverDataSource
2026-07-24 10:43:22.558 [main] INFO  c.a.nacos.client.address.AbstractServerListManager - Load and match ServerListProvider com.alibaba.nacos.client.address.EndpointServerListProvider, match result: false
2026-07-24 10:43:22.558 [main] INFO  c.a.nacos.client.address.AbstractServerListManager - Load and match ServerListProvider com.alibaba.nacos.client.address.PropertiesListProvider, match result: true
2026-07-24 10:43:22.558 [main] INFO  c.a.nacos.client.address.AbstractServerListManager - Will use com.alibaba.nacos.client.address.PropertiesListProvider as ServerListProvider
2026-07-24 10:43:22.559 [main] INFO  c.a.n.p.auth.spi.client.ClientAuthPluginManager - [ClientAuthPluginManager] Load ClientAuthService com.alibaba.nacos.client.auth.impl.NacosClientAuthServiceImpl success.
2026-07-24 10:43:22.560 [main] INFO  c.a.n.p.auth.spi.client.ClientAuthPluginManager - [ClientAuthPluginManager] Load ClientAuthService com.alibaba.nacos.client.auth.ram.RamClientAuthServiceImpl success.
2026-07-24 10:43:22.563 [main] INFO  com.alibaba.nacos.common.remote.client - [RpcClientFactory] create a new rpc client of e2f9ed89-b8e1-41b1-bbe2-05b9240362f9
2026-07-24 10:43:22.565 [main] INFO  com.alibaba.nacos.client.naming - Create naming rpc client for uuid->e2f9ed89-b8e1-41b1-bbe2-05b9240362f9
2026-07-24 10:43:22.565 [main] INFO  com.alibaba.nacos.common.remote.client - [e2f9ed89-b8e1-41b1-bbe2-05b9240362f9] RpcClient init, ServerListFactory = com.alibaba.nacos.client.naming.core.NamingServerListManager
2026-07-24 10:43:22.565 [main] INFO  com.alibaba.nacos.common.remote.client - [e2f9ed89-b8e1-41b1-bbe2-05b9240362f9] Registry connection listener to current client:com.alibaba.nacos.client.naming.remote.gprc.redo.NamingGrpcRedoService
2026-07-24 10:43:22.565 [main] INFO  com.alibaba.nacos.common.remote.client - [e2f9ed89-b8e1-41b1-bbe2-05b9240362f9] Register server push request handler:com.alibaba.nacos.client.naming.remote.gprc.NamingPushRequestHandler
2026-07-24 10:43:22.566 [main] INFO  com.alibaba.nacos.common.remote.client - [e2f9ed89-b8e1-41b1-bbe2-05b9240362f9] Register server push request handler:com.alibaba.nacos.client.naming.remote.gprc.NamingFuzzyWatchNotifyRequestHandler
2026-07-24 10:43:22.570 [main] INFO  com.alibaba.nacos.common.remote.client - [e2f9ed89-b8e1-41b1-bbe2-05b9240362f9] Try to connect to server on start up, server: {serverIp = '127.0.0.1', server main port = 8848}
2026-07-24 10:43:22.571 [main] INFO  c.a.nacos.common.remote.client.grpc.GrpcClient - grpc client connection server: 127.0.0.1 ip, serverPort: 9848, grpcTslConfig: {"enableTls":false,"mutualAuthEnable":false,"trustAll":true}
2026-07-24 10:43:22.595 [main] INFO  com.alibaba.nacos.common.remote.client - [e2f9ed89-b8e1-41b1-bbe2-05b9240362f9] Success to connect to server [127.0.0.1:8848] on start up, connectionId = 1784861002580_192.168.65.1_17596
2026-07-24 10:43:22.596 [main] INFO  com.alibaba.nacos.common.remote.client - [e2f9ed89-b8e1-41b1-bbe2-05b9240362f9] Register server push request handler:com.alibaba.nacos.common.remote.client.RpcClient$ConnectResetRequestHandler
2026-07-24 10:43:22.596 [main] INFO  com.alibaba.nacos.common.remote.client - [e2f9ed89-b8e1-41b1-bbe2-05b9240362f9] Register server push request handler:com.alibaba.nacos.common.remote.client.RpcClient$$Lambda$539/0x0000007001437cd0
2026-07-24 10:43:22.596 [com.alibaba.nacos.client.remote.worker.0] INFO  com.alibaba.nacos.common.remote.client - [e2f9ed89-b8e1-41b1-bbe2-05b9240362f9] Notify connected event to listeners.
2026-07-24 10:43:22.596 [com.alibaba.nacos.client.remote.worker.0] INFO  com.alibaba.nacos.client.naming - Grpc connection connect
2026-07-24 10:43:22.597 [main] INFO  com.alibaba.nacos.client.naming - [REGISTER-SERVICE] idlestore-dev registering service idle-store-user with instance Instance{instanceId='null', ip='192.168.1.5', port=8082, weight=1.0, healthy=true, enabled=true, ephemeral=true, clusterName='', serviceName='null', metadata={IPv6=[240e:347:b1f:6e00:3812:5b0c:a940:7ac4], preserved.register.source=SPRING_CLOUD}}
2026-07-24 10:43:22.610 [main] INFO  c.a.cloud.nacos.registry.NacosServiceRegistry - nacos registry, DEFAULT_GROUP idle-store-user 192.168.1.5:8082 register finished
2026-07-24 10:43:22.623 [main] INFO  com.lh.idlestore.user.IdleStoreUserApplication - Started IdleStoreUserApplication in 4.21 seconds (process running for 4.758)
2026-07-24 10:43:22.626 [main] INFO  c.l.i.u.initializer.RolePermissionCacheInitializer - ==> 服务启动，开始同步角色权限数据到 Redis 中...
2026-07-24 10:43:22.951 [main] WARN  c.l.i.u.initializer.RolePermissionCacheInitializer - ==> 角色权限数据已经同步至 Redis 中，不再同步...
2026-07-24 10:43:22.955 [main] INFO  com.alibaba.nacos.client.config.impl.CacheData - config listener notify warn timeout millis use default 60000 millis 
2026-07-24 10:43:22.956 [main] INFO  com.alibaba.nacos.client.config.impl.CacheData - nacos.cache.data.init.snapshot = true 
2026-07-24 10:43:22.956 [main] INFO  com.alibaba.nacos.client.config.impl.ClientWorker - [Config-fixed-idlestore-dev-127.0.0.1_8848] [subscribe] shared-openfeign.yaml+DEFAULT_GROUP+idlestore-dev
2026-07-24 10:43:22.963 [main] INFO  com.alibaba.nacos.client.config.impl.CacheData - [Config-fixed-idlestore-dev-127.0.0.1_8848] [add-listener] ok, tenant=idlestore-dev, dataId=shared-openfeign.yaml, group=DEFAULT_GROUP, cnt=1
2026-07-24 10:43:22.963 [main] INFO  c.a.cloud.nacos.refresh.NacosContextRefresher - [Nacos Config] Listening config: dataId=shared-openfeign.yaml, group=DEFAULT_GROUP
2026-07-24 10:43:22.963 [main] INFO  com.alibaba.nacos.client.config.impl.ClientWorker - [Config-fixed-idlestore-dev-127.0.0.1_8848] [subscribe] shared-redis.yaml+DEFAULT_GROUP+idlestore-dev
2026-07-24 10:43:22.963 [main] INFO  com.alibaba.nacos.client.config.impl.CacheData - [Config-fixed-idlestore-dev-127.0.0.1_8848] [add-listener] ok, tenant=idlestore-dev, dataId=shared-redis.yaml, group=DEFAULT_GROUP, cnt=1
2026-07-24 10:43:22.963 [main] INFO  c.a.cloud.nacos.refresh.NacosContextRefresher - [Nacos Config] Listening config: dataId=shared-redis.yaml, group=DEFAULT_GROUP
2026-07-24 10:43:22.963 [main] INFO  com.alibaba.nacos.client.config.impl.ClientWorker - [Config-fixed-idlestore-dev-127.0.0.1_8848] [subscribe] shared-mysql.yaml+DEFAULT_GROUP+idlestore-dev
2026-07-24 10:43:22.963 [main] INFO  com.alibaba.nacos.client.config.impl.CacheData - [Config-fixed-idlestore-dev-127.0.0.1_8848] [add-listener] ok, tenant=idlestore-dev, dataId=shared-mysql.yaml, group=DEFAULT_GROUP, cnt=1
2026-07-24 10:43:22.963 [main] INFO  c.a.cloud.nacos.refresh.NacosContextRefresher - [Nacos Config] Listening config: dataId=shared-mysql.yaml, group=DEFAULT_GROUP
2026-07-24 10:43:50.627 [http-nio-8082-exec-1] INFO  o.a.c.core.ContainerBase.[Tomcat].[localhost].[/] - Initializing Spring DispatcherServlet 'dispatcherServlet'
2026-07-24 10:43:50.627 [http-nio-8082-exec-1] INFO  org.springframework.web.servlet.DispatcherServlet - Initializing Servlet 'dispatcherServlet'
2026-07-24 10:43:50.629 [http-nio-8082-exec-1] INFO  org.springframework.web.servlet.DispatcherServlet - Completed initialization in 2 ms
2026-07-24 10:43:50.648 [http-nio-8082-exec-1] INFO  c.l.framework.biz.context.filter.UserContextFilter - ## HeaderUserId2ContextFilter, 用户 ID: 100000050
2026-07-24 10:43:50.655 [http-nio-8082-exec-1] INFO  c.l.framework.biz.context.filter.UserContextFilter - ===== 设置 userId 到 ThreadLocal 中， 用户 ID: 100000050
2026-07-24 10:43:50.764 [http-nio-8082-exec-1] INFO  c.l.f.b.operationlog.aspect.ApiOperationLogAspect - 请求开始，description=查询当前登录用户资料，class=UserController，method=getCurrentUserProfile，request=[]
2026-07-24 10:43:50.795 [http-nio-8082-exec-1] DEBUG c.l.i.user.repository.mapper.UserMapper.selectById - ==>  Preparing: SELECT user_id,phone,password_hash,username,community_id,avatar_url,register_time,coin_balance,status,sex,real_name,address_detail,create_time,update_time,is_deleted FROM t_user WHERE user_id=?
2026-07-24 10:43:50.981 [http-nio-8082-exec-1] DEBUG c.l.i.user.repository.mapper.UserMapper.selectById - ==> Parameters: 100000050(Long)
2026-07-24 10:43:51.005 [http-nio-8082-exec-1] DEBUG c.l.i.user.repository.mapper.UserMapper.selectById - <==      Total: 1
2026-07-24 10:43:51.035 [http-nio-8082-exec-1] INFO  c.l.f.b.operationlog.aspect.ApiOperationLogAspect - 请求完成，description=查询当前登录用户资料，cost=289ms，response={"success":true,"message":null,"errorCode":null,"data":{"userId":100000050,"phone":"150****8960","username":"寂寞的冰可乐","communityId":"371721003001","avatarUrl":"http://127.0.0.1:9000/idlestore/006ea1977d934ff0a5a88320eda4d04d.jpg","coinBalance":490,"sex":"WOMAN","realName":"******","addressDetail":"******","registerTime":"2024-05-22 14:08:27","status":"NORMAL"}}
2026-07-24 10:43:51.060 [http-nio-8082-exec-1] INFO  c.l.framework.biz.context.filter.UserContextFilter - ===== 删除 ThreadLocal， userId: 100000050
2026-07-24 10:43:51.078 [http-nio-8082-exec-2] INFO  c.l.framework.biz.context.filter.UserContextFilter - ## HeaderUserId2ContextFilter, 用户 ID: 100000050
2026-07-24 10:43:51.078 [http-nio-8082-exec-2] INFO  c.l.framework.biz.context.filter.UserContextFilter - ===== 设置 userId 到 ThreadLocal 中， 用户 ID: 100000050
2026-07-24 10:43:51.079 [http-nio-8082-exec-2] INFO  c.l.f.b.operationlog.aspect.ApiOperationLogAspect - 请求开始，description=查询当前登录用户资料，class=UserController，method=getCurrentUserProfile，request=[]
2026-07-24 10:43:51.079 [http-nio-8082-exec-2] DEBUG c.l.i.user.repository.mapper.UserMapper.selectById - ==>  Preparing: SELECT user_id,phone,password_hash,username,community_id,avatar_url,register_time,coin_balance,status,sex,real_name,address_detail,create_time,update_time,is_deleted FROM t_user WHERE user_id=?
2026-07-24 10:43:51.080 [http-nio-8082-exec-2] DEBUG c.l.i.user.repository.mapper.UserMapper.selectById - ==> Parameters: 100000050(Long)
2026-07-24 10:43:51.081 [http-nio-8082-exec-2] DEBUG c.l.i.user.repository.mapper.UserMapper.selectById - <==      Total: 1
2026-07-24 10:43:51.083 [http-nio-8082-exec-2] INFO  c.l.f.b.operationlog.aspect.ApiOperationLogAspect - 请求完成，description=查询当前登录用户资料，cost=4ms，response={"success":true,"message":null,"errorCode":null,"data":{"userId":100000050,"phone":"150****8960","username":"寂寞的冰可乐","communityId":"371721003001","avatarUrl":"http://127.0.0.1:9000/idlestore/006ea1977d934ff0a5a88320eda4d04d.jpg","coinBalance":490,"sex":"WOMAN","realName":"******","addressDetail":"******","registerTime":"2024-05-22 14:08:27","status":"NORMAL"}}
2026-07-24 10:43:51.085 [http-nio-8082-exec-2] INFO  c.l.framework.biz.context.filter.UserContextFilter - ===== 删除 ThreadLocal， userId: 100000050
2026-07-24 10:43:52.365 [http-nio-8082-exec-3] INFO  c.l.framework.biz.context.filter.UserContextFilter - ## HeaderUserId2ContextFilter, 用户 ID: 100000050
2026-07-24 10:43:52.365 [http-nio-8082-exec-3] INFO  c.l.framework.biz.context.filter.UserContextFilter - ===== 设置 userId 到 ThreadLocal 中， 用户 ID: 100000050
2026-07-24 10:43:52.365 [http-nio-8082-exec-3] INFO  c.l.f.b.operationlog.aspect.ApiOperationLogAspect - 请求开始，description=查询当前登录用户资料，class=UserController，method=getCurrentUserProfile，request=[]
2026-07-24 10:43:52.366 [http-nio-8082-exec-3] DEBUG c.l.i.user.repository.mapper.UserMapper.selectById - ==>  Preparing: SELECT user_id,phone,password_hash,username,community_id,avatar_url,register_time,coin_balance,status,sex,real_name,address_detail,create_time,update_time,is_deleted FROM t_user WHERE user_id=?
2026-07-24 10:43:52.367 [http-nio-8082-exec-3] DEBUG c.l.i.user.repository.mapper.UserMapper.selectById - ==> Parameters: 100000050(Long)
2026-07-24 10:43:52.369 [http-nio-8082-exec-3] DEBUG c.l.i.user.repository.mapper.UserMapper.selectById - <==      Total: 1
2026-07-24 10:43:52.369 [http-nio-8082-exec-3] INFO  c.l.f.b.operationlog.aspect.ApiOperationLogAspect - 请求完成，description=查询当前登录用户资料，cost=4ms，response={"success":true,"message":null,"errorCode":null,"data":{"userId":100000050,"phone":"150****8960","username":"寂寞的冰可乐","communityId":"371721003001","avatarUrl":"http://127.0.0.1:9000/idlestore/006ea1977d934ff0a5a88320eda4d04d.jpg","coinBalance":490,"sex":"WOMAN","realName":"******","addressDetail":"******","registerTime":"2024-05-22 14:08:27","status":"NORMAL"}}
2026-07-24 10:43:52.370 [http-nio-8082-exec-3] INFO  c.l.framework.biz.context.filter.UserContextFilter - ===== 删除 ThreadLocal， userId: 100000050
2026-07-24 10:44:00.345 [http-nio-8082-exec-4] INFO  c.l.framework.biz.context.filter.UserContextFilter - ## HeaderUserId2ContextFilter, 用户 ID: 100000050
2026-07-24 10:44:00.346 [http-nio-8082-exec-4] INFO  c.l.framework.biz.context.filter.UserContextFilter - ===== 设置 userId 到 ThreadLocal 中， 用户 ID: 100000050
2026-07-24 10:44:00.363 [http-nio-8082-exec-4] INFO  c.l.f.b.operationlog.aspect.ApiOperationLogAspect - 请求开始，description=更新当前登录用户资料，class=UserController，method=updateUserInfo，request=[{"phone":"150****8960","username":"寂寞的冰可乐","communityId":"371721003001","avatarUrl":"http://127.0.0.1:9000/idlestore/006ea1977d934ff0a5a88320eda4d04d.jpg","sex":"MAN","realName":"******","addressDetail":"******"}]
2026-07-24 10:44:00.364 [http-nio-8082-exec-4] DEBUG c.l.i.user.repository.mapper.UserMapper.selectById - ==>  Preparing: SELECT user_id,phone,password_hash,username,community_id,avatar_url,register_time,coin_balance,status,sex,real_name,address_detail,create_time,update_time,is_deleted FROM t_user WHERE user_id=?
2026-07-24 10:44:00.364 [http-nio-8082-exec-4] DEBUG c.l.i.user.repository.mapper.UserMapper.selectById - ==> Parameters: 100000050(Long)
2026-07-24 10:44:00.365 [http-nio-8082-exec-4] DEBUG c.l.i.user.repository.mapper.UserMapper.selectById - <==      Total: 1
2026-07-24 10:44:00.367 [http-nio-8082-exec-4] DEBUG c.l.i.u.repository.mapper.UserMapper.selectByPhone - ==>  Preparing: select * from t_user where phone = ?
2026-07-24 10:44:00.368 [http-nio-8082-exec-4] DEBUG c.l.i.u.repository.mapper.UserMapper.selectByPhone - ==> Parameters: 15020248960(String)
2026-07-24 10:44:00.369 [http-nio-8082-exec-4] DEBUG c.l.i.u.repository.mapper.UserMapper.selectByPhone - <==      Total: 1
2026-07-24 10:44:00.384 [http-nio-8082-exec-4] DEBUG c.l.i.user.repository.mapper.UserMapper.updateById - ==>  Preparing: UPDATE t_user SET phone=?, username=?, community_id=?, avatar_url=?, sex=?, real_name=?, address_detail=?, update_time=? WHERE user_id=?
2026-07-24 10:44:00.386 [http-nio-8082-exec-4] DEBUG c.l.i.user.repository.mapper.UserMapper.updateById - ==> Parameters: 15020248960(String), 寂寞的冰可乐(String), 371721003001(String), http://127.0.0.1:9000/idlestore/006ea1977d934ff0a5a88320eda4d04d.jpg(String), 1(Integer), 刘虎(String), 2号楼2单元202室(String), 2026-07-24T10:44:00.369760(LocalDateTime), 100000050(Long)
2026-07-24 10:44:00.389 [http-nio-8082-exec-4] DEBUG c.l.i.user.repository.mapper.UserMapper.updateById - <==    Updates: 1
2026-07-24 10:44:00.389 [http-nio-8082-exec-4] DEBUG c.l.i.user.repository.mapper.UserMapper.selectById - ==>  Preparing: SELECT user_id,phone,password_hash,username,community_id,avatar_url,register_time,coin_balance,status,sex,real_name,address_detail,create_time,update_time,is_deleted FROM t_user WHERE user_id=?
2026-07-24 10:44:00.390 [http-nio-8082-exec-4] DEBUG c.l.i.user.repository.mapper.UserMapper.selectById - ==> Parameters: 100000050(Long)
2026-07-24 10:44:00.391 [http-nio-8082-exec-4] DEBUG c.l.i.user.repository.mapper.UserMapper.selectById - <==      Total: 1
2026-07-24 10:44:00.391 [http-nio-8082-exec-4] INFO  c.l.f.b.operationlog.aspect.ApiOperationLogAspect - 请求完成，description=更新当前登录用户资料，cost=28ms，response={"success":true,"message":null,"errorCode":null,"data":{"userId":100000050,"phone":"150****8960","username":"寂寞的冰可乐","communityId":"371721003001","avatarUrl":"http://127.0.0.1:9000/idlestore/006ea1977d934ff0a5a88320eda4d04d.jpg","coinBalance":490,"sex":"MAN","realName":"******","addressDetail":"******","registerTime":"2024-05-22 14:08:27","status":"NORMAL"}}
2026-07-24 10:44:00.392 [http-nio-8082-exec-4] INFO  c.l.framework.biz.context.filter.UserContextFilter - ===== 删除 ThreadLocal， userId: 100000050
2026-07-24 10:44:02.514 [http-nio-8082-exec-5] INFO  c.l.framework.biz.context.filter.UserContextFilter - ## HeaderUserId2ContextFilter, 用户 ID: 100000050
2026-07-24 10:44:02.515 [http-nio-8082-exec-5] INFO  c.l.framework.biz.context.filter.UserContextFilter - ===== 设置 userId 到 ThreadLocal 中， 用户 ID: 100000050
2026-07-24 10:44:02.516 [http-nio-8082-exec-5] INFO  c.l.f.b.operationlog.aspect.ApiOperationLogAspect - 请求开始，description=查询当前登录用户资料，class=UserController，method=getCurrentUserProfile，request=[]
2026-07-24 10:44:02.516 [http-nio-8082-exec-5] DEBUG c.l.i.user.repository.mapper.UserMapper.selectById - ==>  Preparing: SELECT user_id,phone,password_hash,username,community_id,avatar_url,register_time,coin_balance,status,sex,real_name,address_detail,create_time,update_time,is_deleted FROM t_user WHERE user_id=?
2026-07-24 10:44:02.517 [http-nio-8082-exec-5] DEBUG c.l.i.user.repository.mapper.UserMapper.selectById - ==> Parameters: 100000050(Long)
2026-07-24 10:44:02.519 [http-nio-8082-exec-5] DEBUG c.l.i.user.repository.mapper.UserMapper.selectById - <==      Total: 1
2026-07-24 10:44:02.520 [http-nio-8082-exec-5] INFO  c.l.f.b.operationlog.aspect.ApiOperationLogAspect - 请求完成，description=查询当前登录用户资料，cost=5ms，response={"success":true,"message":null,"errorCode":null,"data":{"userId":100000050,"phone":"150****8960","username":"寂寞的冰可乐","communityId":"371721003001","avatarUrl":"http://127.0.0.1:9000/idlestore/006ea1977d934ff0a5a88320eda4d04d.jpg","coinBalance":490,"sex":"MAN","realName":"******","addressDetail":"******","registerTime":"2024-05-22 14:08:27","status":"NORMAL"}}
2026-07-24 10:44:02.521 [http-nio-8082-exec-5] INFO  c.l.framework.biz.context.filter.UserContextFilter - ===== 删除 ThreadLocal， userId: 100000050
