2026-07-24 10:43:28.396 [main] INFO  c.l.i.data.align.IdleStoreDataAlignApplication - The following 1 profile is active: "dev"
2026-07-24 10:43:28.405 [main] INFO  c.a.cloud.nacos.configdata.NacosConfigDataLoader - [Nacos Config] Load config[dataId=data-align.yaml, group=DEFAULT_GROUP] success
2026-07-24 10:43:28.405 [main] INFO  c.a.cloud.nacos.configdata.NacosConfigDataLoader - [Nacos Config] Load config[dataId=shared-mysql.yaml, group=DEFAULT_GROUP] success
2026-07-24 10:43:28.911 [main] INFO  o.s.d.r.config.RepositoryConfigurationDelegate - Multiple Spring Data modules found, entering strict repository configuration mode
2026-07-24 10:43:28.913 [main] INFO  o.s.d.r.config.RepositoryConfigurationDelegate - Bootstrapping Spring Data Redis repositories in DEFAULT mode.
2026-07-24 10:43:28.930 [main] INFO  o.s.d.r.config.RepositoryConfigurationDelegate - Finished Spring Data repository scanning in 5 ms. Found 0 Redis repository interfaces.
2026-07-24 10:43:29.035 [main] WARN  org.mybatis.spring.mapper.ClassPathMapperScanner - No MyBatis mapper was found in '[com.lh.idlestore.data.align]' package. Please check your configuration.
2026-07-24 10:43:29.087 [main] INFO  o.springframework.cloud.context.scope.GenericScope - BeanFactory id=73b89247-aa06-3d7e-8141-28b7f1184b5a
2026-07-24 10:43:29.427 [main] INFO  o.s.boot.web.embedded.tomcat.TomcatWebServer - Tomcat initialized with port 8086 (http)
2026-07-24 10:43:29.437 [main] INFO  org.apache.catalina.core.StandardService - Starting service [Tomcat]
2026-07-24 10:43:29.437 [main] INFO  org.apache.catalina.core.StandardEngine - Starting Servlet engine: [Apache Tomcat/10.1.55]
2026-07-24 10:43:29.480 [main] INFO  o.a.c.core.ContainerBase.[Tomcat].[localhost].[/] - Initializing Spring embedded WebApplicationContext
2026-07-24 10:43:29.481 [main] INFO  o.s.b.w.s.c.ServletWebServerApplicationContext - Root WebApplicationContext: initialization completed in 1076 ms
2026-07-24 10:43:29.568 [main] INFO  c.l.i.data.align.config.XxlJobConfiguration - >>>>>>>>>>> xxl-job config init.
2026-07-24 10:43:29.687 [main] INFO  o.s.v.beanvalidation.OptionalValidatorFactoryBean - Failed to set up a Bean Validation provider: jakarta.validation.NoProviderFoundException: Unable to create a Configuration, because no Jakarta Bean Validation provider could be found. Add a provider like Hibernate Validator (RI) to your classpath.
2026-07-24 10:43:29.871 [main] INFO  c.a.d.s.b.a.DruidDataSourceAutoConfigure - Init DruidDataSource
2026-07-24 10:43:30.135 [main] INFO  com.alibaba.druid.pool.DruidDataSource - {dataSource-1} inited
2026-07-24 10:43:30.199 [main] INFO  c.b.m.e.spring.MybatisPlusApplicationContextAware - Register ApplicationContext instances org.springframework.boot.web.servlet.context.AnnotationConfigServletWebServerApplicationContext@6c538eb2
2026-07-24 10:43:30.563 [main] INFO  com.xxl.job.core.executor.XxlJobExecutor - >>>>>>>>>>> xxl-job register jobhandler success, name:createTableJobHandler, jobHandler:com.xxl.job.core.handler.impl.MethodJobHandler@38dc1c50[class com.lh.idlestore.data.align.job.CreateTableXxlJob#createTableJobHandler]
2026-07-24 10:43:30.590 [JobLogFileCleanThreadHelper#logFileCleanThread] INFO  com.xxl.tool.concurrent.CyclicThread - >>>>>>>>>>> CyclicThread[name = JobLogFileCleanThreadHelper#logFileCleanThread] start.
2026-07-24 10:43:30.592 [main] INFO  com.xxl.tool.concurrent.MessageQueue - >>>>>>>>>>> ProducerConsumerQueue[name = TriggerCallbackThreadHelper#callbackMessageQueue] started, with conf：queueLength = 2147483647, consumerCount = 1, consumeBatchSize = 50
2026-07-24 10:43:30.593 [TriggerCallbackThreadHelper#retryCallbackThread] INFO  com.xxl.tool.concurrent.CyclicThread - >>>>>>>>>>> CyclicThread[name = TriggerCallbackThreadHelper#retryCallbackThread] start.
2026-07-24 10:43:30.616 [main] INFO  o.s.boot.web.embedded.tomcat.TomcatWebServer - Tomcat started on port 8086 (http) with context path '/'
2026-07-24 10:43:30.622 [main] INFO  com.alibaba.nacos.client.naming - Nacos client key init properties: 
	serverAddr=127.0.0.1:8848
	namespace=idlestore-dev

2026-07-24 10:43:30.622 [main] INFO  com.alibaba.nacos.client.naming - initializer namespace from ans.namespace attribute : null
2026-07-24 10:43:30.622 [main] INFO  com.alibaba.nacos.client.naming - initializer namespace from ALIBABA_ALIWARE_NAMESPACE attribute :null
2026-07-24 10:43:30.623 [main] INFO  com.alibaba.nacos.client.naming - initializer namespace from namespace attribute :null
2026-07-24 10:43:30.628 [main] INFO  com.alibaba.nacos.client.naming - FailoverDataSource type is class com.alibaba.nacos.client.naming.backups.datasource.DiskFailoverDataSource
2026-07-24 10:43:30.631 [main] INFO  c.a.nacos.client.address.AbstractServerListManager - Load and match ServerListProvider com.alibaba.nacos.client.address.EndpointServerListProvider, match result: false
2026-07-24 10:43:30.631 [main] INFO  c.a.nacos.client.address.AbstractServerListManager - Load and match ServerListProvider com.alibaba.nacos.client.address.PropertiesListProvider, match result: true
2026-07-24 10:43:30.631 [main] INFO  c.a.nacos.client.address.AbstractServerListManager - Will use com.alibaba.nacos.client.address.PropertiesListProvider as ServerListProvider
2026-07-24 10:43:30.632 [main] INFO  c.a.n.p.auth.spi.client.ClientAuthPluginManager - [ClientAuthPluginManager] Load ClientAuthService com.alibaba.nacos.client.auth.impl.NacosClientAuthServiceImpl success.
2026-07-24 10:43:30.632 [main] INFO  c.a.n.p.auth.spi.client.ClientAuthPluginManager - [ClientAuthPluginManager] Load ClientAuthService com.alibaba.nacos.client.auth.ram.RamClientAuthServiceImpl success.
2026-07-24 10:43:30.634 [main] INFO  com.alibaba.nacos.common.remote.client - [RpcClientFactory] create a new rpc client of aaf3f43d-e6bf-40ab-b567-4f2e371fc74f
2026-07-24 10:43:30.635 [xxl-job, EmbedServer] INFO  com.xxl.job.core.server.EmbedServer - >>>>>>>>>>> xxl-job remoting server start success, nettype = class com.xxl.job.core.server.EmbedServer, port = 10001
2026-07-24 10:43:30.636 [ExecutorRegistryThread#registryThread] INFO  com.xxl.tool.concurrent.CyclicThread - >>>>>>>>>>> CyclicThread[name = ExecutorRegistryThread#registryThread] start.
2026-07-24 10:43:30.636 [main] INFO  com.alibaba.nacos.client.naming - Create naming rpc client for uuid->aaf3f43d-e6bf-40ab-b567-4f2e371fc74f
2026-07-24 10:43:30.636 [main] INFO  com.alibaba.nacos.common.remote.client - [aaf3f43d-e6bf-40ab-b567-4f2e371fc74f] RpcClient init, ServerListFactory = com.alibaba.nacos.client.naming.core.NamingServerListManager
2026-07-24 10:43:30.636 [main] INFO  com.alibaba.nacos.common.remote.client - [aaf3f43d-e6bf-40ab-b567-4f2e371fc74f] Registry connection listener to current client:com.alibaba.nacos.client.naming.remote.gprc.redo.NamingGrpcRedoService
2026-07-24 10:43:30.636 [main] INFO  com.alibaba.nacos.common.remote.client - [aaf3f43d-e6bf-40ab-b567-4f2e371fc74f] Register server push request handler:com.alibaba.nacos.client.naming.remote.gprc.NamingPushRequestHandler
2026-07-24 10:43:30.636 [main] INFO  com.alibaba.nacos.common.remote.client - [aaf3f43d-e6bf-40ab-b567-4f2e371fc74f] Register server push request handler:com.alibaba.nacos.client.naming.remote.gprc.NamingFuzzyWatchNotifyRequestHandler
2026-07-24 10:43:30.637 [main] INFO  com.alibaba.nacos.common.remote.client - [aaf3f43d-e6bf-40ab-b567-4f2e371fc74f] Try to connect to server on start up, server: {serverIp = '127.0.0.1', server main port = 8848}
2026-07-24 10:43:30.637 [main] INFO  c.a.nacos.common.remote.client.grpc.GrpcClient - grpc client connection server: 127.0.0.1 ip, serverPort: 9848, grpcTslConfig: {"enableTls":false,"mutualAuthEnable":false,"trustAll":true}
2026-07-24 10:43:30.652 [main] INFO  com.alibaba.nacos.common.remote.client - [aaf3f43d-e6bf-40ab-b567-4f2e371fc74f] Success to connect to server [127.0.0.1:8848] on start up, connectionId = 1784861010641_192.168.65.1_44696
2026-07-24 10:43:30.652 [main] INFO  com.alibaba.nacos.common.remote.client - [aaf3f43d-e6bf-40ab-b567-4f2e371fc74f] Register server push request handler:com.alibaba.nacos.common.remote.client.RpcClient$ConnectResetRequestHandler
2026-07-24 10:43:30.652 [com.alibaba.nacos.client.remote.worker.0] INFO  com.alibaba.nacos.common.remote.client - [aaf3f43d-e6bf-40ab-b567-4f2e371fc74f] Notify connected event to listeners.
2026-07-24 10:43:30.652 [com.alibaba.nacos.client.remote.worker.0] INFO  com.alibaba.nacos.client.naming - Grpc connection connect
2026-07-24 10:43:30.652 [main] INFO  com.alibaba.nacos.common.remote.client - [aaf3f43d-e6bf-40ab-b567-4f2e371fc74f] Register server push request handler:com.alibaba.nacos.common.remote.client.RpcClient$$Lambda$820/0x000000a00155ac60
2026-07-24 10:43:30.654 [main] INFO  com.alibaba.nacos.client.naming - [REGISTER-SERVICE] idlestore-dev registering service idle-store-data-align with instance Instance{instanceId='null', ip='192.168.1.5', port=8086, weight=1.0, healthy=true, enabled=true, ephemeral=true, clusterName='', serviceName='null', metadata={IPv6=[240e:347:b1f:6e00:3812:5b0c:a940:7ac4], preserved.register.source=SPRING_CLOUD}}
2026-07-24 10:43:30.662 [main] INFO  c.a.cloud.nacos.registry.NacosServiceRegistry - nacos registry, DEFAULT_GROUP idle-store-data-align 192.168.1.5:8086 register finished
2026-07-24 10:43:30.678 [main] INFO  c.l.i.data.align.IdleStoreDataAlignApplication - Started IdleStoreDataAlignApplication in 3.905 seconds (process running for 4.248)
2026-07-24 10:43:30.680 [main] INFO  com.alibaba.nacos.client.config.impl.CacheData - config listener notify warn timeout millis use default 60000 millis 
2026-07-24 10:43:30.680 [main] INFO  com.alibaba.nacos.client.config.impl.CacheData - nacos.cache.data.init.snapshot = true 
2026-07-24 10:43:30.681 [main] INFO  com.alibaba.nacos.client.config.impl.ClientWorker - [Config-fixed-idlestore-dev-127.0.0.1_8848] [subscribe] data-align.yaml+DEFAULT_GROUP+idlestore-dev
2026-07-24 10:43:30.691 [main] INFO  com.alibaba.nacos.client.config.impl.CacheData - [Config-fixed-idlestore-dev-127.0.0.1_8848] [add-listener] ok, tenant=idlestore-dev, dataId=data-align.yaml, group=DEFAULT_GROUP, cnt=1
2026-07-24 10:43:30.691 [main] INFO  c.a.cloud.nacos.refresh.NacosContextRefresher - [Nacos Config] Listening config: dataId=data-align.yaml, group=DEFAULT_GROUP
2026-07-24 10:43:30.692 [main] INFO  com.alibaba.nacos.client.config.impl.ClientWorker - [Config-fixed-idlestore-dev-127.0.0.1_8848] [subscribe] shared-mysql.yaml+DEFAULT_GROUP+idlestore-dev
2026-07-24 10:43:30.692 [main] INFO  com.alibaba.nacos.client.config.impl.CacheData - [Config-fixed-idlestore-dev-127.0.0.1_8848] [add-listener] ok, tenant=idlestore-dev, dataId=shared-mysql.yaml, group=DEFAULT_GROUP, cnt=1
2026-07-24 10:43:30.693 [main] INFO  c.a.cloud.nacos.refresh.NacosContextRefresher - [Nacos Config] Listening config: dataId=shared-mysql.yaml, group=DEFAULT_GROUP
